 ring0

 Timestamp is 5d47e178 (Mon Aug  5 15:57:44 2019)

 Preferred load address is 0000000180000000

 Start         Length     Name                   Class
 0001:00000000 00000110H .text$di                CODE
 0001:00000110 00028090H .text$mn                CODE
 0001:000281a0 00000020H .text$mn$00             CODE
 0001:000281c0 000004e0H .text$x                 CODE
 0001:000286a0 00000174H .text$yd                CODE
 0002:00000000 000002a8H .idata$5                DATA
 0002:000002a8 00000010H .00cfg                  DATA
 0002:000002b8 00000008H .CRT$XCA                DATA
 0002:000002c0 00000038H .CRT$XCC                DATA
 0002:000002f8 00000010H .CRT$XCL                DATA
 0002:00000308 00000008H .CRT$XCU                DATA
 0002:00000310 00000008H .CRT$XCZ                DATA
 0002:00000318 00000008H .CRT$XIA                DATA
 0002:00000320 00000028H .CRT$XIC                DATA
 0002:00000348 00000008H .CRT$XIZ                DATA
 0002:00000350 00000008H .CRT$XPA                DATA
 0002:00000358 00000010H .CRT$XPX                DATA
 0002:00000368 00000008H .CRT$XPXA               DATA
 0002:00000370 00000008H .CRT$XPZ                DATA
 0002:00000378 00000008H .CRT$XTA                DATA
 0002:00000380 00000010H .CRT$XTZ                DATA
 0002:00000388 00000000H .gfids$y                DATA
 0002:00000390 00011bb0H .rdata                  DATA
 0002:00011f40 00001064H .rdata$r                DATA
 0002:00012fa4 00000414H .rdata$zzzdbg           DATA
 0002:000133b8 00000008H .rtc$IAA                DATA
 0002:000133c0 00000008H .rtc$IZZ                DATA
 0002:000133c8 00000008H .rtc$TAA                DATA
 0002:000133d0 00000010H .rtc$TZZ                DATA
 0002:000133e0 000021e0H .xdata                  DATA
 0002:000155c0 000003ccH .xdata$x                DATA
 0002:0001598c 00000020H .didat$2                DATA
 0002:000159ac 00000024H .didat$3                DATA
 0002:000159d0 00000068H .didat$4                DATA
 0002:00015a38 00000300H .didat$6                DATA
 0002:00015d38 00000068H .didat$7                DATA
 0002:00015da0 00000050H .edata                  DATA
 0002:00015df0 00000014H .idata$2                DATA
 0002:00015e04 00000014H .idata$3                DATA
 0002:00015e18 000002a8H .idata$4                DATA
 0002:000160c0 00000616H .idata$6                DATA
 0003:00000000 00000bb0H .data                   DATA
 0003:00000bb0 00000610H .data$r                 DATA
 0003:000011c0 00000070H .didat$5                DATA
 0003:00001230 00001990H .bss                    DATA
 0004:00000000 00002508H .pdata                  DATA
 0005:00000000 00000094H _RDATA                  DATA
 0006:00000000 00000060H .rsrc$01                DATA
 0006:00000060 00000180H .rsrc$02                DATA

  Address         Publics by Value              Rva+Base               Lib:Object

 0000:00000000       __guard_fids_count         0000000000000000     <absolute>
 0000:00000000       __guard_longjmp_count      0000000000000000     <absolute>
 0000:00000000       __hybrid_code_map          0000000000000000     <absolute>
 0000:00000000       __guard_iat_count          0000000000000000     <absolute>
 0000:00000000       __guard_longjmp_table      0000000000000000     <absolute>
 0000:00000000       __volatile_metadata        0000000000000000     <absolute>
 0000:00000000       __guard_iat_table          0000000000000000     <absolute>
 0000:00000000       __hybrid_code_map_count    0000000000000000     <absolute>
 0000:00000000       ___safe_se_handler_count   0000000000000000     <absolute>
 0000:00000000       __enclave_config           0000000000000000     <absolute>
 0000:00000000       __AbsoluteZero             0000000000000000     <absolute>
 0000:00000000       ___safe_se_handler_table   0000000000000000     <absolute>
 0000:00000000       __guard_fids_table         0000000000000000     <absolute>
 0000:00000000       __hybrid_auxiliary_iat     0000000000000000     <absolute>
 0000:00000000       __dynamic_value_reloc_table 0000000000000000     <absolute>
 0000:00000100       __guard_flags              0000000000000100     <absolute>
 0000:00000000       __ImageBase                0000000180000000     <linker-defined>
 0001:00000110       __local_stdio_printf_options 0000000180001110 f i kbring0.obj
 0001:00000120       sprintf_s                  0000000180001120 f i kbring0.obj
 0001:00000180       ?what@exception@stdext@@UEBAPEBDXZ 0000000180001180 f i kbring0.obj
 0001:000001a0       ?_Raise@exception@stdext@@QEBAXXZ 00000001800011a0 f i kbring0.obj
 0001:000001e0       _guard_check_icall_nop     00000001800011e0 f i LIBCMT:guard_support.obj
 0001:000001e0       ?_Doraise@exception@stdext@@MEBAXXZ 00000001800011e0 f i kbring0.obj
 0001:000001e0       ?_Unlock@?$basic_streambuf@DU?$char_traits@D@std@@@std@@UEAAXXZ 00000001800011e0 f i libcpmt:cout.obj
 0001:000001e0       ?imbue@?$basic_streambuf@DU?$char_traits@D@std@@@std@@MEAAXAEBVlocale@2@@Z 00000001800011e0 f i libcpmt:cout.obj
 0001:000001e0       ?_Lock@?$basic_streambuf@DU?$char_traits@D@std@@@std@@UEAAXXZ 00000001800011e0 f i libcpmt:cout.obj
 0001:000001f0       ??_Gexception@stdext@@UEAAPEAXI@Z 00000001800011f0 f i kbring0.obj
 0001:000001f0       ??_Eexception@stdext@@UEAAPEAXI@Z 00000001800011f0 f i * CIL library *:* CIL module *
 0001:000001f0       ??_Eruntime_error@std@@UEAAPEAXI@Z 00000001800011f0 f i * CIL library *:* CIL module *
 0001:000001f0       ??_Gruntime_error@std@@UEAAPEAXI@Z 00000001800011f0 f i kbring0.obj
 0001:00000220       ??1failure@ios_base@std@@UEAA@XZ 0000000180001220 f i kbring0.obj
 0001:00000220       ??1runtime_error@std@@UEAA@XZ 0000000180001220 f i kbring0.obj
 0001:00000230       ?default_error_condition@error_category@std@@UEBA?AVerror_condition@2@H@Z 0000000180001230 f i kbring0.obj
 0001:00000240       ?equivalent@error_category@std@@UEBA_NHAEBVerror_condition@2@@Z 0000000180001240 f i kbring0.obj
 0001:00000280       ?equivalent@error_category@std@@UEBA_NAEBVerror_code@2@H@Z 0000000180001280 f i kbring0.obj
 0001:000002a0       ?make_error_code@std@@YA?AVerror_code@1@W4io_errc@1@@Z 00000001800012a0 f i kbring0.obj
 0001:000002f0       ??_Gsystem_error@std@@UEAAPEAXI@Z 00000001800012f0 f i kbring0.obj
 0001:000002f0       ??_E_System_error@std@@UEAAPEAXI@Z 00000001800012f0 f i * CIL library *:* CIL module *
 0001:000002f0       ??_Esystem_error@std@@UEAAPEAXI@Z 00000001800012f0 f i * CIL library *:* CIL module *
 0001:000002f0       ??_Gfailure@ios_base@std@@UEAAPEAXI@Z 00000001800012f0 f i kbring0.obj
 0001:000002f0       ??_Efailure@ios_base@std@@UEAAPEAXI@Z 00000001800012f0 f i * CIL library *:* CIL module *
 0001:000002f0       ??_G_System_error@std@@UEAAPEAXI@Z 00000001800012f0 f i kbring0.obj
 0001:00000320       ??0system_error@std@@QEAA@Verror_code@1@PEBD@Z 0000000180001320 f i kbring0.obj
 0001:00000500       ?name@_Iostream_error_category@std@@UEBAPEBDXZ 0000000180001500 f i kbring0.obj
 0001:00000510       ?message@_Iostream_error_category@std@@UEBA?AV?$basic_string@DU?$char_traits@D@std@@V?$allocator@D@2@@2@H@Z 0000000180001510 f i kbring0.obj
 0001:000005a0       ??_E_Iostream_error_category@std@@UEAAPEAXI@Z 00000001800015a0 f i * CIL library *:* CIL module *
 0001:000005a0       ??_G_Iostream_error_category@std@@UEAAPEAXI@Z 00000001800015a0 f i kbring0.obj
 0001:000005d0       ??_E_Facet_base@std@@UEAAPEAXI@Z 00000001800015d0 f i * CIL library *:* CIL module *
 0001:000005d0       ??_G_Facet_base@std@@UEAAPEAXI@Z 00000001800015d0 f i kbring0.obj
 0001:00000600       ??0_Locinfo@std@@QEAA@PEBD@Z 0000000180001600 f i kbring0.obj
 0001:00000670       ??1_Locinfo@std@@QEAA@XZ   0000000180001670 f i kbring0.obj
 0001:00000710       ?_Incref@facet@locale@std@@UEAAXXZ 0000000180001710 f i kbring0.obj
 0001:00000720       ?_Decref@facet@locale@std@@UEAAPEAV_Facet_base@3@XZ 0000000180001720 f i kbring0.obj
 0001:00000730       ?do_tolower@?$ctype@D@std@@MEBADD@Z 0000000180001730 f i kbring0.obj
 0001:00000740       ?do_tolower@?$ctype@D@std@@MEBAPEBDPEADPEBD@Z 0000000180001740 f i kbring0.obj
 0001:000007a0       ?do_toupper@?$ctype@D@std@@MEBADD@Z 00000001800017a0 f i kbring0.obj
 0001:000007b0       ?do_toupper@?$ctype@D@std@@MEBAPEBDPEADPEBD@Z 00000001800017b0 f i kbring0.obj
 0001:00000810       ?do_widen@?$ctype@D@std@@MEBADD@Z 0000000180001810 f i kbring0.obj
 0001:00000810       ?do_narrow@?$ctype@D@std@@MEBADDD@Z 0000000180001810 f i kbring0.obj
 0001:00000820       ?do_widen@?$ctype@D@std@@MEBAPEBDPEBD0PEAD@Z 0000000180001820 f i kbring0.obj
 0001:00000840       ?do_narrow@?$ctype@D@std@@MEBAPEBDPEBD0DPEAD@Z 0000000180001840 f i kbring0.obj
 0001:00000860       ??_G?$ctype@D@std@@MEAAPEAXI@Z 0000000180001860 f i kbring0.obj
 0001:00000860       ??_E?$ctype@D@std@@MEAAPEAXI@Z 0000000180001860 f i * CIL library *:* CIL module *
 0001:000008d0       ??0failure@ios_base@std@@QEAA@PEBDAEBVerror_code@2@@Z 00000001800018d0 f i kbring0.obj
 0001:00000910       ??0KBRing0@@QEAA@XZ        0000000180001910 f   kbring0.obj
 0001:00000b20       ??_EKBRing0@@UEAAPEAXI@Z   0000000180001b20 f i * CIL library *:* CIL module *
 0001:00000b20       ??_GKBRing0@@UEAAPEAXI@Z   0000000180001b20 f i kbring0.obj
 0001:00000ba0       ?c_str@?$basic_string@DU?$char_traits@D@std@@V?$allocator@D@2@@std@@QEBAPEBDXZ 0000000180001ba0 f i kbring0.obj
 0001:00000bb0       ?_Tidy_deallocate@?$basic_string@DU?$char_traits@D@std@@V?$allocator@D@2@@std@@AEAAXXZ 0000000180001bb0 f i kbring0.obj
 0001:00000bb0       ??1?$pair@V?$basic_string@DU?$char_traits@D@std@@V?$allocator@D@2@@std@@H@std@@QEAA@XZ 0000000180001bb0 f i keyboard.obj
 0001:00000bb0       ??1?$basic_string@DU?$char_traits@D@std@@V?$allocator@D@2@@std@@QEAA@XZ 0000000180001bb0 f i kbring0.obj
 0001:00000c10       ??0?$basic_string@DU?$char_traits@D@std@@V?$allocator@D@2@@std@@QEAA@_KD@Z 0000000180001c10 f i kbring0.obj
 0001:00000d20       ??0?$basic_string@DU?$char_traits@D@std@@V?$allocator@D@2@@std@@QEAA@QEBD@Z 0000000180001d20 f i kbring0.obj
 0001:00000e40       ??0?$basic_string@DU?$char_traits@D@std@@V?$allocator@D@2@@std@@QEAA@AEBV01@@Z 0000000180001e40 f i kbring0.obj
 0001:00000f20       ??6?$basic_ostream@DU?$char_traits@D@std@@@std@@QEAAAEAV01@PEBX@Z 0000000180001f20 f i kbring0.obj
 0001:00001170       ??0sentry@?$basic_ostream@DU?$char_traits@D@std@@@std@@QEAA@AEAV12@@Z 0000000180002170 f i kbring0.obj
 0001:000011e0       ?do_put@?$num_put@DV?$ostreambuf_iterator@DU?$char_traits@D@std@@@std@@@std@@MEBA?AV?$ostreambuf_iterator@DU?$char_traits@D@std@@@2@V32@AEAVios_base@2@DPEBX@Z 00000001800021e0 f i kbring0.obj
 0001:00001280       ?do_put@?$num_put@DV?$ostreambuf_iterator@DU?$char_traits@D@std@@@std@@@std@@MEBA?AV?$ostreambuf_iterator@DU?$char_traits@D@std@@@2@V32@AEAVios_base@2@DO@Z 0000000180002280 f i kbring0.obj
 0001:00001570       ?do_put@?$num_put@DV?$ostreambuf_iterator@DU?$char_traits@D@std@@@std@@@std@@MEBA?AV?$ostreambuf_iterator@DU?$char_traits@D@std@@@2@V32@AEAVios_base@2@DN@Z 0000000180002570 f i kbring0.obj
 0001:00001850       ?do_put@?$num_put@DV?$ostreambuf_iterator@DU?$char_traits@D@std@@@std@@@std@@MEBA?AV?$ostreambuf_iterator@DU?$char_traits@D@std@@@2@V32@AEAVios_base@2@D_K@Z 0000000180002850 f i kbring0.obj
 0001:00001970       ?do_put@?$num_put@DV?$ostreambuf_iterator@DU?$char_traits@D@std@@@std@@@std@@MEBA?AV?$ostreambuf_iterator@DU?$char_traits@D@std@@@2@V32@AEAVios_base@2@D_J@Z 0000000180002970 f i kbring0.obj
 0001:00001a90       ?do_put@?$num_put@DV?$ostreambuf_iterator@DU?$char_traits@D@std@@@std@@@std@@MEBA?AV?$ostreambuf_iterator@DU?$char_traits@D@std@@@2@V32@AEAVios_base@2@DK@Z 0000000180002a90 f i kbring0.obj
 0001:00001bb0       ?do_put@?$num_put@DV?$ostreambuf_iterator@DU?$char_traits@D@std@@@std@@@std@@MEBA?AV?$ostreambuf_iterator@DU?$char_traits@D@std@@@2@V32@AEAVios_base@2@DJ@Z 0000000180002bb0 f i kbring0.obj
 0001:00001cd0       ?do_put@?$num_put@DV?$ostreambuf_iterator@DU?$char_traits@D@std@@@std@@@std@@MEBA?AV?$ostreambuf_iterator@DU?$char_traits@D@std@@@2@V32@AEAVios_base@2@D_N@Z 0000000180002cd0 f i kbring0.obj
 0001:00001fd0       ?assign@?$basic_string@DU?$char_traits@D@std@@V?$allocator@D@2@@std@@QEAAAEAV12@QEBD@Z 0000000180002fd0 f i kbring0.obj
 0001:00002130       ?append@?$basic_string@DU?$char_traits@D@std@@V?$allocator@D@2@@std@@QEAAAEAV12@QEBD_K@Z 0000000180003130 f i kbring0.obj
 0001:000021c0       ??_G?$num_put@DV?$ostreambuf_iterator@DU?$char_traits@D@std@@@std@@@std@@MEAAPEAXI@Z 00000001800031c0 f i kbring0.obj
 0001:000021c0       ??_E?$codecvt@DDU_Mbstatet@@@std@@MEAAPEAXI@Z 00000001800031c0 f i libcpmt:cout.obj
 0001:000021c0       ??_G?$codecvt@DDU_Mbstatet@@@std@@MEAAPEAXI@Z 00000001800031c0 f i libcpmt:cout.obj
 0001:000021c0       ??_E?$num_put@DV?$ostreambuf_iterator@DU?$char_traits@D@std@@@std@@@std@@MEAAPEAXI@Z 00000001800031c0 f i * CIL library *:* CIL module *
 0001:000021f0       ?do_truename@?$numpunct@D@std@@MEBA?AV?$basic_string@DU?$char_traits@D@std@@V?$allocator@D@2@@2@XZ 00000001800031f0 f i kbring0.obj
 0001:00002210       ?do_falsename@?$numpunct@D@std@@MEBA?AV?$basic_string@DU?$char_traits@D@std@@V?$allocator@D@2@@2@XZ 0000000180003210 f i kbring0.obj
 0001:00002230       ?do_grouping@?$numpunct@D@std@@MEBA?AV?$basic_string@DU?$char_traits@D@std@@V?$allocator@D@2@@2@XZ 0000000180003230 f i kbring0.obj
 0001:00002250       ?do_thousands_sep@?$numpunct@D@std@@MEBADXZ 0000000180003250 f i kbring0.obj
 0001:00002260       ?do_decimal_point@?$numpunct@D@std@@MEBADXZ 0000000180003260 f i kbring0.obj
 0001:00002270       ?_Iput@?$num_put@DV?$ostreambuf_iterator@DU?$char_traits@D@std@@@std@@@std@@AEBA?AV?$ostreambuf_iterator@DU?$char_traits@D@std@@@2@V32@AEAVios_base@2@DPEAD_K@Z 0000000180003270 f i kbring0.obj
 0001:000028d0       ?_Fput@?$num_put@DV?$ostreambuf_iterator@DU?$char_traits@D@std@@@std@@@std@@AEBA?AV?$ostreambuf_iterator@DU?$char_traits@D@std@@@2@V32@AEAVios_base@2@DPEBD_K@Z 00000001800038d0 f i kbring0.obj
 0001:00002fa0       ?flush@?$basic_ostream@DU?$char_traits@D@std@@@std@@QEAAAEAV12@XZ 0000000180003fa0 f i kbring0.obj
 0001:00003120       ??_E?$numpunct@D@std@@MEAAPEAXI@Z 0000000180004120 f i * CIL library *:* CIL module *
 0001:00003120       ??_G?$numpunct@D@std@@MEAAPEAXI@Z 0000000180004120 f i kbring0.obj
 0001:00003180       ?_Xran@?$_String_val@U?$_Simple_types@D@std@@@std@@SAXXZ 0000000180004180 f i kbring0.obj
 0001:000031a0       ??$use_facet@V?$ctype@D@std@@@std@@YAAEBV?$ctype@D@0@AEBVlocale@0@@Z 00000001800041a0 f i kbring0.obj
 0001:000033e0       ??$?6U?$char_traits@D@std@@@std@@YAAEAV?$basic_ostream@DU?$char_traits@D@std@@@0@AEAV10@PEBD@Z 00000001800043e0 f i kbring0.obj
 0001:000036d0       ??$endl@DU?$char_traits@D@std@@@std@@YAAEAV?$basic_ostream@DU?$char_traits@D@std@@@0@AEAV10@@Z 00000001800046d0 f i kbring0.obj
 0001:00003770       ??$use_facet@V?$num_put@DV?$ostreambuf_iterator@DU?$char_traits@D@std@@@std@@@std@@@std@@YAAEBV?$num_put@DV?$ostreambuf_iterator@DU?$char_traits@D@std@@@std@@@0@AEBVlocale@0@@Z 0000000180004770 f i kbring0.obj
 0001:00003990       ??$use_facet@V?$numpunct@D@std@@@std@@YAAEBV?$numpunct@D@0@AEBVlocale@0@@Z 0000000180004990 f i kbring0.obj
 0001:00003aa0       ??$_Reallocate_grow_by@V<lambda_e1befb086ad3257e3f042a63030725f7>@@_KD@?$basic_string@DU?$char_traits@D@std@@V?$allocator@D@2@@std@@AEAAAEAV01@_KV<lambda_e1befb086ad3257e3f042a63030725f7>@@_KD@Z 0000000180004aa0 f i kbring0.obj
 0001:00003c20       ??$_Reallocate_grow_by@V<lambda_65e615be2a453ca0576c979606f46740>@@PEBD_K@?$basic_string@DU?$char_traits@D@std@@V?$allocator@D@2@@std@@AEAAAEAV01@_KV<lambda_65e615be2a453ca0576c979606f46740>@@PEBD_K@Z 0000000180004c20 f i kbring0.obj
 0001:00003da0       ??$_Reallocate_grow_by@V<lambda_b986da8d428e4af07c64af60eec09b61>@@_K_KD@?$basic_string@DU?$char_traits@D@std@@V?$allocator@D@2@@std@@AEAAAEAV01@_KV<lambda_b986da8d428e4af07c64af60eec09b61>@@_K2D@Z 0000000180004da0 f i kbring0.obj
 0001:00003f50       ??1?$unique_ptr@V_Facet_base@std@@U?$default_delete@V_Facet_base@std@@@2@@std@@QEAA@XZ 0000000180004f50 f i kbring0.obj
 0001:00003f70       ?_Getcat@?$numpunct@D@std@@SA_KPEAPEBVfacet@locale@2@PEBV42@@Z 0000000180004f70 f i kbring0.obj
 0001:000041c0       ?_Xlen@?$basic_string@DU?$char_traits@D@std@@V?$allocator@D@2@@std@@CAXXZ 00000001800051c0 f i kbring0.obj
 0001:000041e0       ?put@?$basic_ostream@DU?$char_traits@D@std@@@std@@QEAAAEAV12@D@Z 00000001800051e0 f i kbring0.obj
 0001:000043c0       ?widen@?$basic_ios@DU?$char_traits@D@std@@@std@@QEBADD@Z 00000001800053c0 f i kbring0.obj
 0001:00004430       ??$_Immortalize_impl@V_Iostream_error_category@std@@@std@@YAHPEAX0PEAPEAX@Z 0000000180005430 f i kbring0.obj
 0001:00004450       printf                     0000000180005450 f i keyboard.obj
 0001:000044b0       ??0Keyboard@@QEAA@XZ       00000001800054b0 f   keyboard.obj
 0001:00004c10       ??_GKeyboard@@UEAAPEAXI@Z  0000000180005c10 f i keyboard.obj
 0001:00004c10       ??_EKeyboard@@UEAAPEAXI@Z  0000000180005c10 f i * CIL library *:* CIL module *
 0001:00004cb0       ??_I@YAXPEAX_K1P6AX0@Z@Z   0000000180005cb0 f i keyboard.obj
 0001:00004cf0       ?KBCWait4IBE@Keyboard@@AEAAXXZ 0000000180005cf0 f   keyboard.obj
 0001:00004d70       ?getCodeByKeyChar@Keyboard@@AEAAHV?$basic_string@DU?$char_traits@D@std@@V?$allocator@D@2@@std@@@Z 0000000180005d70 f   keyboard.obj
 0001:00004f10       ?keyDown@Keyboard@@AEAAXPEAD@Z 0000000180005f10 f   keyboard.obj
 0001:00005040       ?keyUp@Keyboard@@AEAAXPEAD@Z 0000000180006040 f   keyboard.obj
 0001:000051b0       ??E?$_Tree_iterator@V?$_Tree_val@U?$_Tree_simple_types@U?$pair@$$CBV?$basic_string@DU?$char_traits@D@std@@V?$allocator@D@2@@std@@H@std@@@std@@@std@@@std@@QEAA?AV01@H@Z 00000001800061b0 f i keyboard.obj
 0001:00005220       ??A?$map@V?$basic_string@DU?$char_traits@D@std@@V?$allocator@D@2@@std@@HU?$less@V?$basic_string@DU?$char_traits@D@std@@V?$allocator@D@2@@std@@@2@V?$allocator@U?$pair@$$CBV?$basic_string@DU?$char_traits@D@std@@V?$allocator@D@2@@std@@H@std@@@2@@std@@QEAAAEAHAEBV?$basic_string@DU?$char_traits@D@std@@V?$allocator@D@2@@1@@Z 0000000180006220 f i keyboard.obj
 0001:00005380       ??6?$basic_ostream@DU?$char_traits@D@std@@@std@@QEAAAEAV01@H@Z 0000000180006380 f i keyboard.obj
 0001:000055d0       ??6?$basic_ostream@DU?$char_traits@D@std@@@std@@QEAAAEAV01@_N@Z 00000001800065d0 f i keyboard.obj
 0001:00005820       ??$?0AEAV?$basic_string@DU?$char_traits@D@std@@V?$allocator@D@2@@std@@AEAH$0A@@?$pair@V?$basic_string@DU?$char_traits@D@std@@V?$allocator@D@2@@std@@H@std@@QEAA@AEAV?$basic_string@DU?$char_traits@D@std@@V?$allocator@D@2@@1@AEAH@Z 0000000180006820 f i keyboard.obj
 0001:00005850       ??$insert@U?$pair@V?$basic_string@DU?$char_traits@D@std@@V?$allocator@D@2@@std@@H@std@@X@?$map@V?$basic_string@DU?$char_traits@D@std@@V?$allocator@D@2@@std@@HU?$less@V?$basic_string@DU?$char_traits@D@std@@V?$allocator@D@2@@std@@@2@V?$allocator@U?$pair@$$CBV?$basic_string@DU?$char_traits@D@std@@V?$allocator@D@2@@std@@H@std@@@2@@std@@QEAA?AU?$pair@V?$_Tree_iterator@V?$_Tree_val@U?$_Tree_simple_types@U?$pair@$$CBV?$basic_string@DU?$char_traits@D@std@@V?$allocator@D@2@@std@@H@std@@@std@@@std@@@std@@_N@1@$$QEAU?$pair@V?$basic_string@DU?$char_traits@D@std@@V?$allocator@D@2@@std@@H@1@@Z 0000000180006850 f i keyboard.obj
 0001:00005900       ??$_Erase_tree@V?$allocator@U?$_Tree_node@U?$pair@$$CBV?$basic_string@DU?$char_traits@D@std@@V?$allocator@D@2@@std@@H@std@@PEAX@std@@@std@@@?$_Tree_val@U?$_Tree_simple_types@U?$pair@$$CBV?$basic_string@DU?$char_traits@D@std@@V?$allocator@D@2@@std@@H@std@@@std@@@std@@QEAAXAEAV?$allocator@U?$_Tree_node@U?$pair@$$CBV?$basic_string@DU?$char_traits@D@std@@V?$allocator@D@2@@std@@H@std@@PEAX@std@@@1@PEAU?$_Tree_node@U?$pair@$$CBV?$basic_string@DU?$char_traits@D@std@@V?$allocator@D@2@@std@@H@std@@PEAX@1@@Z 0000000180006900 f i keyboard.obj
 0001:000059c0       ??$_Insert_nohint@AEAU?$pair@$$CBV?$basic_string@DU?$char_traits@D@std@@V?$allocator@D@2@@std@@H@std@@PEAU?$_Tree_node@U?$pair@$$CBV?$basic_string@DU?$char_traits@D@std@@V?$allocator@D@2@@std@@H@std@@PEAX@2@@?$_Tree@V?$_Tmap_traits@V?$basic_string@DU?$char_traits@D@std@@V?$allocator@D@2@@std@@HU?$less@V?$basic_string@DU?$char_traits@D@std@@V?$allocator@D@2@@std@@@2@V?$allocator@U?$pair@$$CBV?$basic_string@DU?$char_traits@D@std@@V?$allocator@D@2@@std@@H@std@@@2@$0A@@std@@@std@@IEAA?AU?$pair@PEAU?$_Tree_node@U?$pair@$$CBV?$basic_string@DU?$char_traits@D@std@@V?$allocator@D@2@@std@@H@std@@PEAX@std@@_N@1@_NAEAU?$pair@$$CBV?$basic_string@DU?$char_traits@D@std@@V?$allocator@D@2@@std@@H@1@PEAU?$_Tree_node@U?$pair@$$CBV?$basic_string@DU?$char_traits@D@std@@V?$allocator@D@2@@std@@H@std@@PEAX@1@@Z 00000001800069c0 f i keyboard.obj
 0001:00005c00       ?_Destroy_if_node@?$_Tree@V?$_Tmap_traits@V?$basic_string@DU?$char_traits@D@std@@V?$allocator@D@2@@std@@HU?$less@V?$basic_string@DU?$char_traits@D@std@@V?$allocator@D@2@@std@@@2@V?$allocator@U?$pair@$$CBV?$basic_string@DU?$char_traits@D@std@@V?$allocator@D@2@@std@@H@std@@@2@$0A@@std@@@std@@IEAAXPEAU?$_Tree_node@U?$pair@$$CBV?$basic_string@DU?$char_traits@D@std@@V?$allocator@D@2@@std@@H@std@@PEAX@2@@Z 0000000180006c00 f i keyboard.obj
 0001:00005c70       ??$_Insert_at@AEAU?$pair@$$CBV?$basic_string@DU?$char_traits@D@std@@V?$allocator@D@2@@std@@H@std@@PEAU?$_Tree_node@U?$pair@$$CBV?$basic_string@DU?$char_traits@D@std@@V?$allocator@D@2@@std@@H@std@@PEAX@2@@?$_Tree@V?$_Tmap_traits@V?$basic_string@DU?$char_traits@D@std@@V?$allocator@D@2@@std@@HU?$less@V?$basic_string@DU?$char_traits@D@std@@V?$allocator@D@2@@std@@@2@V?$allocator@U?$pair@$$CBV?$basic_string@DU?$char_traits@D@std@@V?$allocator@D@2@@std@@H@std@@@2@$0A@@std@@@std@@IEAAPEAU?$_Tree_node@U?$pair@$$CBV?$basic_string@DU?$char_traits@D@std@@V?$allocator@D@2@@std@@H@std@@PEAX@1@_NPEAU21@AEAU?$pair@$$CBV?$basic_string@DU?$char_traits@D@std@@V?$allocator@D@2@@std@@H@1@1@Z 0000000180006c70 f i keyboard.obj
 0001:00005f10       ??$_Insert_hint@AEAU?$pair@$$CBV?$basic_string@DU?$char_traits@D@std@@V?$allocator@D@2@@std@@H@std@@PEAU?$_Tree_node@U?$pair@$$CBV?$basic_string@DU?$char_traits@D@std@@V?$allocator@D@2@@std@@H@std@@PEAX@2@@?$_Tree@V?$_Tmap_traits@V?$basic_string@DU?$char_traits@D@std@@V?$allocator@D@2@@std@@HU?$less@V?$basic_string@DU?$char_traits@D@std@@V?$allocator@D@2@@std@@@2@V?$allocator@U?$pair@$$CBV?$basic_string@DU?$char_traits@D@std@@V?$allocator@D@2@@std@@H@std@@@2@$0A@@std@@@std@@IEAAPEAU?$_Tree_node@U?$pair@$$CBV?$basic_string@DU?$char_traits@D@std@@V?$allocator@D@2@@std@@H@std@@PEAX@1@V?$_Tree_unchecked_const_iterator@V?$_Tree_val@U?$_Tree_simple_types@U?$pair@$$CBV?$basic_string@DU?$char_traits@D@std@@V?$allocator@D@2@@std@@H@std@@@std@@@std@@U_Iterator_base0@2@@1@AEAU?$pair@$$CBV?$basic_string@DU?$char_traits@D@std@@V?$allocator@D@2@@std@@H@1@PEAU21@@Z 0000000180006f10 f i keyboard.obj
 0001:00006280       ?NODE_SET_METHOD@node@@YAXV?$Local@VObject@v8@@@v8@@PEBDP6AXAEBV?$FunctionCallbackInfo@VValue@v8@@@3@@Z@Z 0000000180007280 f i main.obj
 0001:00006370       ?InitKeyboard@main@@YAXAEBV?$FunctionCallbackInfo@VValue@v8@@@v8@@@Z 0000000180007370 f   main.obj
 0001:00006430       ?DestroyKeyboard@main@@YAXAEBV?$FunctionCallbackInfo@VValue@v8@@@v8@@@Z 0000000180007430 f   main.obj
 0001:00006460       ?KeyPress@main@@YAXAEBV?$FunctionCallbackInfo@VValue@v8@@@v8@@@Z 0000000180007460 f   main.obj
 0001:00006560       ?KeyPressWithShift@main@@YAXAEBV?$FunctionCallbackInfo@VValue@v8@@@v8@@@Z 0000000180007560 f   main.obj
 0001:00006680       ?init@main@@YAXV?$Local@VObject@v8@@@v8@@@Z 0000000180007680 f   main.obj
 0001:00006734       __imp_load_?GetCurrent@Isolate@v8@@SAPEAV12@XZ 0000000180007734 f   node:node.exe
 0001:00006740       __tailMerge_node_exe       0000000180007740     node:node.exe
 0001:000067b9       __imp_load_??1HandleScope@v8@@QEAA@XZ 00000001800077b9 f   node:node.exe
 0001:000067c5       __imp_load_??0HandleScope@v8@@QEAA@PEAVIsolate@1@@Z 00000001800077c5 f   node:node.exe
 0001:000067d1       __imp_load_?GetFunction@FunctionTemplate@v8@@QEAA?AV?$Local@VFunction@v8@@@2@XZ 00000001800077d1 f   node:node.exe
 0001:000067dd       __imp_load_?New@FunctionTemplate@v8@@SA?AV?$Local@VFunctionTemplate@v8@@@2@PEAVIsolate@2@P6AXAEBV?$FunctionCallbackInfo@VValue@v8@@@2@@ZV?$Local@VValue@v8@@@2@V?$Local@VSignature@v8@@@2@HW4ConstructorBehavior@2@W4SideEffectType@2@@Z 00000001800077dd f   node:node.exe
 0001:000067e9       __imp_load_?ToLocalEmpty@V8@v8@@CAXXZ 00000001800077e9 f   node:node.exe
 0001:000067f5       __imp_load_??1Utf8Value@String@v8@@QEAA@XZ 00000001800077f5 f   node:node.exe
 0001:00006801       __imp_load_??0Utf8Value@String@v8@@QEAA@V?$Local@VValue@v8@@@2@@Z 0000000180007801 f   node:node.exe
 0001:0000680d       __imp_load_?NewFromUtf8@String@v8@@SA?AV?$MaybeLocal@VString@v8@@@2@PEAVIsolate@2@PEBDW4NewStringType@2@H@Z 000000018000780d f   node:node.exe
 0001:00006819       __imp_load_?Set@Object@v8@@QEAA_NV?$Local@VValue@v8@@@2@0@Z 0000000180007819 f   node:node.exe
 0001:00006825       __imp_load_?SetName@Function@v8@@QEAAXV?$Local@VString@v8@@@2@@Z 0000000180007825 f   node:node.exe
 0001:00006831       __imp_load_node_module_register 0000000180007831 f   node:node.exe
 0001:00006840       ??0_Init_locks@std@@QEAA@XZ 0000000180007840 f   libcpmt:xlock.obj
 0001:0000688c       ??0_Lockit@std@@QEAA@H@Z   000000018000788c f   libcpmt:xlock.obj
 0001:000068c8       ??1_Init_locks@std@@QEAA@XZ 00000001800078c8 f   libcpmt:xlock.obj
 0001:0000690c       ??1_Lockit@std@@QEAA@XZ    000000018000790c f   libcpmt:xlock.obj
 0001:00006940       ??0_System_error@std@@QEAA@AEBV01@@Z 0000000180007940 f i libcpmt:xonce.obj
 0001:00006990       ??0exception@std@@QEAA@AEBV01@@Z 0000000180007990 f i libcpmt:xonce.obj
 0001:000069c4       ??0runtime_error@std@@QEAA@AEBV01@@Z 00000001800079c4 f i libcpmt:xonce.obj
 0001:00006a00       ??0system_error@std@@QEAA@AEBV01@@Z 0000000180007a00 f i libcpmt:xonce.obj
 0001:00006a58       ??_Gbad_cast@std@@UEAAPEAXI@Z 0000000180007a58 f i libcpmt:cout.obj
 0001:00006a58       ??_Ebad_exception@std@@UEAAPEAXI@Z 0000000180007a58 f i libvcruntime:frame.obj
 0001:00006a58       ??_Gbad_exception@std@@UEAAPEAXI@Z 0000000180007a58 f i libvcruntime:frame.obj
 0001:00006a58       ??_Glogic_error@std@@UEAAPEAXI@Z 0000000180007a58 f i libcpmt:xthrow.obj
 0001:00006a58       ??_Ebad_cast@std@@UEAAPEAXI@Z 0000000180007a58 f i libcpmt:cout.obj
 0001:00006a58       ??_Eout_of_range@std@@UEAAPEAXI@Z 0000000180007a58 f i libcpmt:xthrow.obj
 0001:00006a58       ??_Glength_error@std@@UEAAPEAXI@Z 0000000180007a58 f i libcpmt:xthrow.obj
 0001:00006a58       ??_Gout_of_range@std@@UEAAPEAXI@Z 0000000180007a58 f i libcpmt:xthrow.obj
 0001:00006a58       ??_Eexception@std@@UEAAPEAXI@Z 0000000180007a58 f i libcpmt:xonce.obj
 0001:00006a58       ??_Elength_error@std@@UEAAPEAXI@Z 0000000180007a58 f i libcpmt:xthrow.obj
 0001:00006a58       ??_Ebad_alloc@std@@UEAAPEAXI@Z 0000000180007a58 f i libcpmt:xthrow.obj
 0001:00006a58       ??_Ebad_array_new_length@std@@UEAAPEAXI@Z 0000000180007a58 f i LIBCMT:throw_bad_alloc.obj
 0001:00006a58       ??_Elogic_error@std@@UEAAPEAXI@Z 0000000180007a58 f i libcpmt:xthrow.obj
 0001:00006a58       ??_Gbad_array_new_length@std@@UEAAPEAXI@Z 0000000180007a58 f i LIBCMT:throw_bad_alloc.obj
 0001:00006a58       ??_Gbad_alloc@std@@UEAAPEAXI@Z 0000000180007a58 f i libcpmt:xthrow.obj
 0001:00006a58       ??_Gexception@std@@UEAAPEAXI@Z 0000000180007a58 f i libcpmt:xonce.obj
 0001:00006a9c       ?_Execute_once@std@@YAHAEAUonce_flag@1@P6AHPEAX1PEAPEAX@Z1@Z 0000000180007a9c f   libcpmt:xonce.obj
 0001:00006aa4       ?what@exception@std@@UEBAPEBDXZ 0000000180007aa4 f i libcpmt:xonce.obj
 0001:00006ab8       ??0bad_alloc@std@@QEAA@AEBV01@@Z 0000000180007ab8 f i libcpmt:xthrow.obj
 0001:00006af4       ??0bad_alloc@std@@QEAA@XZ  0000000180007af4 f i libcpmt:xthrow.obj
 0001:00006b14       ??0length_error@std@@QEAA@AEBV01@@Z 0000000180007b14 f i libcpmt:xthrow.obj
 0001:00006b50       ??0length_error@std@@QEAA@PEBD@Z 0000000180007b50 f i libcpmt:xthrow.obj
 0001:00006b98       ??0logic_error@std@@QEAA@AEBV01@@Z 0000000180007b98 f i libcpmt:xthrow.obj
 0001:00006bd4       ??0out_of_range@std@@QEAA@AEBV01@@Z 0000000180007bd4 f i libcpmt:xthrow.obj
 0001:00006c10       ??0out_of_range@std@@QEAA@PEBD@Z 0000000180007c10 f i libcpmt:xthrow.obj
 0001:00006c58       ??0runtime_error@std@@QEAA@PEBD@Z 0000000180007c58 f i libcpmt:xthrow.obj
 0001:00006ca0       ??1bad_alloc@std@@UEAA@XZ  0000000180007ca0 f i libcpmt:xthrow.obj
 0001:00006ca0       ??1bad_array_new_length@std@@UEAA@XZ 0000000180007ca0 f i LIBCMT:throw_bad_alloc.obj
 0001:00006ca0       ??1bad_cast@std@@UEAA@XZ   0000000180007ca0 f i libcpmt:cout.obj
 0001:00006ca0       ??1out_of_range@std@@UEAA@XZ 0000000180007ca0 f i libcpmt:xthrow.obj
 0001:00006ca0       ??1bad_exception@std@@UEAA@XZ 0000000180007ca0 f i libvcruntime:frame.obj
 0001:00006ca0       ??1length_error@std@@UEAA@XZ 0000000180007ca0 f i libcpmt:xthrow.obj
 0001:00006cb4       ?_Xbad_alloc@std@@YAXXZ    0000000180007cb4 f   libcpmt:xthrow.obj
 0001:00006cb4       ?__scrt_throw_std_bad_alloc@@YAXXZ 0000000180007cb4 f   LIBCMT:throw_bad_alloc.obj
 0001:00006cd4       ?_Xlength_error@std@@YAXPEBD@Z 0000000180007cd4 f   libcpmt:xthrow.obj
 0001:00006cf8       ?_Xout_of_range@std@@YAXPEBD@Z 0000000180007cf8 f   libcpmt:xthrow.obj
 0001:00006d1c       ?_Xruntime_error@std@@YAXPEBD@Z 0000000180007d1c f   libcpmt:xthrow.obj
 0001:00006d40       ??$_Reallocate_grow_by@V<lambda_319d5e083f45f90dcdce5dce53cbb275>@@D@?$basic_string@DU?$char_traits@D@std@@V?$allocator@D@2@@std@@AEAAAEAV01@_KV<lambda_319d5e083f45f90dcdce5dce53cbb275>@@D@Z 0000000180007d40 f i libcpmt:cout.obj
 0001:00006e9c       ??$use_facet@V?$codecvt@DDU_Mbstatet@@@std@@@std@@YAAEBV?$codecvt@DDU_Mbstatet@@@0@AEBVlocale@0@@Z 0000000180007e9c f i libcpmt:cout.obj
 0001:00006fd0       ??0?$basic_ostream@DU?$char_traits@D@std@@@std@@QEAA@PEAV?$basic_streambuf@DU?$char_traits@D@std@@@1@_N@Z 0000000180007fd0 f i libcpmt:cout.obj
 0001:0000704c       ??0?$basic_streambuf@DU?$char_traits@D@std@@@std@@IEAA@XZ 000000018000804c f i libcpmt:cout.obj
 0001:000070fc       ??0_Init_cout@std@@QEAA@XZ 00000001800080fc f i libcpmt:cout.obj
 0001:00007168       ??0bad_cast@std@@QEAA@AEBV01@@Z 0000000180008168 f i libcpmt:cout.obj
 0001:000071a4       ??0bad_cast@std@@QEAA@XZ   00000001800081a4 f i libcpmt:cout.obj
 0001:000071c4       ??0failure@ios_base@std@@QEAA@AEBV012@@Z 00000001800081c4 f i libcpmt:cout.obj
 0001:0000721c       ??1?$basic_filebuf@DU?$char_traits@D@std@@@std@@UEAA@XZ 000000018000821c f i libcpmt:cout.obj
 0001:000072fc       ??1?$basic_ios@DU?$char_traits@D@std@@@std@@UEAA@XZ 00000001800082fc f i libcpmt:cout.obj
 0001:00007320       ??_E?$basic_ostream@DU?$char_traits@D@std@@@std@@$4PPPPPPPM@A@EAAPEAXI@Z 0000000180008320 f i libcpmt:cout.obj
 0001:0000732c       ??_G?$basic_filebuf@DU?$char_traits@D@std@@@std@@UEAAPEAXI@Z 000000018000832c f i libcpmt:cout.obj
 0001:0000732c       ??_E?$basic_filebuf@DU?$char_traits@D@std@@@std@@UEAAPEAXI@Z 000000018000832c f i libcpmt:cout.obj
 0001:00007360       ??_G?$basic_ios@DU?$char_traits@D@std@@@std@@UEAAPEAXI@Z 0000000180008360 f i libcpmt:cout.obj
 0001:00007360       ??_E?$basic_ios@DU?$char_traits@D@std@@@std@@UEAAPEAXI@Z 0000000180008360 f i libcpmt:cout.obj
 0001:000073ac       ??_E?$basic_ostream@DU?$char_traits@D@std@@@std@@UEAAPEAXI@Z 00000001800083ac f i libcpmt:cout.obj
 0001:000073ac       ??_G?$basic_ostream@DU?$char_traits@D@std@@@std@@UEAAPEAXI@Z 00000001800083ac f i libcpmt:cout.obj
 0001:0000741c       ??_E?$basic_streambuf@DU?$char_traits@D@std@@@std@@UEAAPEAXI@Z 000000018000841c f i libcpmt:cout.obj
 0001:0000741c       ??_G?$basic_streambuf@DU?$char_traits@D@std@@@std@@UEAAPEAXI@Z 000000018000841c f i libcpmt:cout.obj
 0001:000074a8       ??_Gios_base@std@@UEAAPEAXI@Z 00000001800084a8 f i libcpmt:cout.obj
 0001:000074a8       ??_Eios_base@std@@UEAAPEAXI@Z 00000001800084a8 f i libcpmt:cout.obj
 0001:000074f4       ?_Endwrite@?$basic_filebuf@DU?$char_traits@D@std@@@std@@IEAA_NXZ 00000001800084f4 f i libcpmt:cout.obj
 0001:000075cc       ?_Getcat@?$codecvt@DDU_Mbstatet@@@std@@SA_KPEAPEBVfacet@locale@2@PEBV42@@Z 00000001800085cc f i libcpmt:cout.obj
 0001:00007690       ?_Init@?$basic_filebuf@DU?$char_traits@D@std@@@std@@IEAAXPEAU_iobuf@@W4_Initfl@12@@Z 0000000180008690 f i libcpmt:cout.obj
 0001:0000777c       ?_Init@ios_base@std@@IEAAXXZ 000000018000877c f i libcpmt:cout.obj
 0001:000077f8       ?_Initcvt@?$basic_filebuf@DU?$char_traits@D@std@@@std@@IEAAXAEBV?$codecvt@DDU_Mbstatet@@@2@@Z 00000001800087f8 f i libcpmt:cout.obj
 0001:00007888       ?_Lock@?$basic_filebuf@DU?$char_traits@D@std@@@std@@UEAAXXZ 0000000180008888 f i libcpmt:cout.obj
 0001:000078a4       ?_Unlock@?$basic_filebuf@DU?$char_traits@D@std@@@std@@UEAAXXZ 00000001800088a4 f i libcpmt:cout.obj
 0001:000078c0       ?clear@ios_base@std@@QEAAXH@Z 00000001800088c0 f i libcpmt:cout.obj
 0001:0000792c       __acrt_uninitialize_command_line 000000018000892c f i libucrt:argv_data.obj
 0001:0000792c       ?do_always_noconv@?$codecvt@DDU_Mbstatet@@@std@@MEBA_NXZ 000000018000892c f i libcpmt:cout.obj
 0001:00007930       ?do_encoding@codecvt_base@std@@MEBAHXZ 0000000180008930 f i libcpmt:cout.obj
 0001:00007930       ?do_max_length@codecvt_base@std@@MEBAHXZ 0000000180008930 f i libcpmt:cout.obj
 0001:00007930       DllMain                    0000000180008930 f i LIBCMT:dll_dllmain_stub.obj
 0001:00007930       _get_startup_argv_mode     0000000180008930 f i LIBCMT:argv_mode.obj
 0001:00007938       ?do_in@?$codecvt@DDU_Mbstatet@@@std@@MEBAHAEAU_Mbstatet@@PEBD1AEAPEBDPEAD3AEAPEAD@Z 0000000180008938 f i libcpmt:cout.obj
 0001:00007938       ?do_out@?$codecvt@DDU_Mbstatet@@@std@@MEBAHAEAU_Mbstatet@@PEBD1AEAPEBDPEAD3AEAPEAD@Z 0000000180008938 f i libcpmt:cout.obj
 0001:00007954       ?do_length@?$codecvt@DDU_Mbstatet@@@std@@MEBAHAEAU_Mbstatet@@PEBD1_K@Z 0000000180008954 f i libcpmt:cout.obj
 0001:00007964       ?do_unshift@?$codecvt@DDU_Mbstatet@@@std@@MEBAHAEAU_Mbstatet@@PEAD1AEAPEAD@Z 0000000180008964 f i libcpmt:cout.obj
 0001:00007974       ?imbue@?$basic_filebuf@DU?$char_traits@D@std@@@std@@MEAAXAEBVlocale@2@@Z 0000000180008974 f i libcpmt:cout.obj
 0001:00007998       ?init@?$basic_ios@DU?$char_traits@D@std@@@std@@IEAAXPEAV?$basic_streambuf@DU?$char_traits@D@std@@@2@_N@Z 0000000180008998 f i libcpmt:cout.obj
 0001:00007a58       ?overflow@?$basic_filebuf@DU?$char_traits@D@std@@@std@@MEAAHH@Z 0000000180008a58 f i libcpmt:cout.obj
 0001:00007be0       ?underflow@?$basic_streambuf@DU?$char_traits@D@std@@@std@@MEAAHXZ 0000000180008be0 f i libcpmt:cout.obj
 0001:00007be0       ?overflow@?$basic_streambuf@DU?$char_traits@D@std@@@std@@MEAAHH@Z 0000000180008be0 f i libcpmt:cout.obj
 0001:00007be0       ?pbackfail@?$basic_streambuf@DU?$char_traits@D@std@@@std@@MEAAHH@Z 0000000180008be0 f i libcpmt:cout.obj
 0001:00007be4       ?pbackfail@?$basic_filebuf@DU?$char_traits@D@std@@@std@@MEAAHH@Z 0000000180008be4 f i libcpmt:cout.obj
 0001:00007cb0       ?seekoff@?$basic_filebuf@DU?$char_traits@D@std@@@std@@MEAA?AV?$fpos@U_Mbstatet@@@2@_JHH@Z 0000000180008cb0 f i libcpmt:cout.obj
 0001:00007d94       ?seekoff@?$basic_streambuf@DU?$char_traits@D@std@@@std@@MEAA?AV?$fpos@U_Mbstatet@@@2@_JHH@Z 0000000180008d94 f i libcpmt:cout.obj
 0001:00007d94       ?seekpos@?$basic_streambuf@DU?$char_traits@D@std@@@std@@MEAA?AV?$fpos@U_Mbstatet@@@2@V32@H@Z 0000000180008d94 f i libcpmt:cout.obj
 0001:00007da8       ?seekpos@?$basic_filebuf@DU?$char_traits@D@std@@@std@@MEAA?AV?$fpos@U_Mbstatet@@@2@V32@H@Z 0000000180008da8 f i libcpmt:cout.obj
 0001:00007e64       ?setbuf@?$basic_filebuf@DU?$char_traits@D@std@@@std@@MEAAPEAV?$basic_streambuf@DU?$char_traits@D@std@@@2@PEAD_J@Z 0000000180008e64 f i libcpmt:cout.obj
 0001:00007eb8       ?setbuf@?$basic_streambuf@DU?$char_traits@D@std@@@std@@MEAAPEAV12@PEAD_J@Z 0000000180008eb8 f i libcpmt:cout.obj
 0001:00007ebc       ?sync@?$basic_streambuf@DU?$char_traits@D@std@@@std@@MEAAHXZ 0000000180008ebc f i libcpmt:cout.obj
 0001:00007ebc       ?showmanyc@?$basic_streambuf@DU?$char_traits@D@std@@@std@@MEAA_JXZ 0000000180008ebc f i libcpmt:cout.obj
 0001:00007ec0       ?sync@?$basic_filebuf@DU?$char_traits@D@std@@@std@@MEAAHXZ 0000000180008ec0 f i libcpmt:cout.obj
 0001:00007f0c       ?uflow@?$basic_filebuf@DU?$char_traits@D@std@@@std@@MEAAHXZ 0000000180008f0c f i libcpmt:cout.obj
 0001:000081c8       ?uflow@?$basic_streambuf@DU?$char_traits@D@std@@@std@@MEAAHXZ 00000001800091c8 f i libcpmt:cout.obj
 0001:00008204       ?underflow@?$basic_filebuf@DU?$char_traits@D@std@@@std@@MEAAHXZ 0000000180009204 f i libcpmt:cout.obj
 0001:00008268       ?xsgetn@?$basic_filebuf@DU?$char_traits@D@std@@@std@@MEAA_JPEAD_J@Z 0000000180009268 f i libcpmt:cout.obj
 0001:000083b0       ?xsgetn@?$basic_streambuf@DU?$char_traits@D@std@@@std@@MEAA_JPEAD_J@Z 00000001800093b0 f i libcpmt:cout.obj
 0001:0000846c       ?xsputn@?$basic_filebuf@DU?$char_traits@D@std@@@std@@MEAA_JPEBD_J@Z 000000018000946c f i libcpmt:cout.obj
 0001:00008530       ?xsputn@?$basic_streambuf@DU?$char_traits@D@std@@@std@@MEAA_JPEBD_J@Z 0000000180009530 f i libcpmt:cout.obj
 0001:000085f0       ??4?$_Yarn@D@std@@QEAAAEAV01@PEBD@Z 00000001800095f0 f i libcpmt:locale0.obj
 0001:00008668       ??_E_Locimp@locale@std@@MEAAPEAXI@Z 0000000180009668 f i libcpmt:locale0.obj
 0001:00008668       ??_G_Locimp@locale@std@@MEAAPEAXI@Z 0000000180009668 f i libcpmt:locale0.obj
 0001:000086d4       ?_Facet_Register@std@@YAXPEAV_Facet_base@1@@Z 00000001800096d4 f   libcpmt:locale0.obj
 0001:0000870c       ?_Getgloballocale@locale@std@@CAPEAV_Locimp@12@XZ 000000018000970c f   libcpmt:locale0.obj
 0001:00008714       ?_Init@locale@std@@CAPEAV_Locimp@12@_N@Z 0000000180009714 f   libcpmt:locale0.obj
 0001:000087c0       ?_Locimp_dtor@_Locimp@locale@std@@CAXPEAV123@@Z 00000001800097c0 f   libcpmt:locale0.obj
 0001:0000883c       ?_Locinfo_ctor@_Locinfo@std@@SAXPEAV12@PEBD@Z 000000018000983c f   libcpmt:locale0.obj
 0001:000088a8       ?_Locinfo_dtor@_Locinfo@std@@SAXPEAV12@@Z 00000001800098a8 f   libcpmt:locale0.obj
 0001:000088c4       ?_New_Locimp@_Locimp@locale@std@@CAPEAV123@_N@Z 00000001800098c4 f   libcpmt:locale0.obj
 0001:00008934       ?_Setgloballocale@locale@std@@CAXPEAX@Z 0000000180009934 f   libcpmt:locale0.obj
 0001:00008968       _Deletegloballocale        0000000180009968 f   libcpmt:locale0.obj
 0001:000089d8       ?_Syserror_map@std@@YAPEBDH@Z 00000001800099d8 f   libcpmt:syserror.obj
 0001:00008a00       _Getctype                  0000000180009a00 f   libcpmt:_tolower.obj
 0001:00008ac0       _Tolower                   0000000180009ac0 f   libcpmt:_tolower.obj
 0001:00008bf0       _Getcvt                    0000000180009bf0 f   libcpmt:xwctomb.obj
 0001:00008c88       _Toupper                   0000000180009c88 f   libcpmt:_toupper.obj
 0001:00008dc8       _Mtxdst                    0000000180009dc8 f   libcpmt:xmtx.obj
 0001:00008dd0       _Mtxinit                   0000000180009dd0 f   libcpmt:xmtx.obj
 0001:00008de0       _Mtxlock                   0000000180009de0 f   libcpmt:xmtx.obj
 0001:00008de8       _Mtxunlock                 0000000180009de8 f   libcpmt:xmtx.obj
 0001:000091a8       __crtInitOnceExecuteOnce   000000018000a1a8 f   libcpmt:winapisupp.obj
 0001:00009270       __crtInitializeCriticalSectionEx 000000018000a270 f   libcpmt:winapisupp.obj
 0001:0000929c       ?_Addstd@ios_base@std@@SAXPEAV12@@Z 000000018000a29c f   libcpmt:ios.obj
 0001:00009314       ?_Ios_base_dtor@ios_base@std@@CAXPEAV12@@Z 000000018000a314 f   libcpmt:ios.obj
 0001:0000938c       ?_Tidy@ios_base@std@@AEAAXXZ 000000018000a38c f i libcpmt:ios.obj
 0001:00009418       ?_Atexit@@YAXP6AXXZ@Z      000000018000a418 f   libcpmt:iosptrs.obj
 0001:00009454       __crtLCMapStringA          000000018000a454 f   libcpmt:StlLCMapStringA.obj
 0001:00009708       GetTableIndexFromLocaleName 000000018000a708 f   libcpmt:winapinls.obj
 0001:00009798       __crtDownlevelLocaleNameToLCID 000000018000a798 f   libcpmt:winapinls.obj
 0001:000097cc       __crtLCMapStringEx         000000018000a7cc f   libcpmt:winapinls.obj
 0001:00009860       __wcsnicmp_ascii           000000018000a860 f   libcpmt:winapinls.obj
 0001:000098e0       __security_check_cookie    000000018000a8e0 f   LIBCMT:amdsecgs.obj
 0001:00009904       ??3@YAXPEAX_K@Z            000000018000a904 f   LIBCMT:delete_scalar_size.obj
 0001:00009904       ??_V@YAXPEAX@Z             000000018000a904 f   LIBCMT:delete_array.obj
 0001:0000990c       ??2@YAPEAX_K@Z             000000018000a90c f   LIBCMT:new_scalar.obj
 0001:00009c68       _DllMainCRTStartup         000000018000ac68 f   LIBCMT:dll_dllmain.obj
 0001:00009ca8       __scrt_acquire_startup_lock 000000018000aca8 f   LIBCMT:utility.obj
 0001:00009ce4       __scrt_dllmain_after_initialize_c 000000018000ace4 f   LIBCMT:utility.obj
 0001:00009d18       __scrt_dllmain_before_initialize_c 000000018000ad18 f   LIBCMT:utility.obj
 0001:00009d30       __scrt_dllmain_crt_thread_attach 000000018000ad30 f   LIBCMT:utility.obj
 0001:00009d58       __scrt_dllmain_crt_thread_detach 000000018000ad58 f   LIBCMT:utility.obj
 0001:00009d70       __scrt_dllmain_exception_filter 000000018000ad70 f   LIBCMT:utility.obj
 0001:00009dd0       __scrt_dllmain_uninitialize_c 000000018000add0 f   LIBCMT:utility.obj
 0001:00009e00       __scrt_dllmain_uninitialize_critical 000000018000ae00 f   LIBCMT:utility.obj
 0001:00009e14       __scrt_initialize_crt      000000018000ae14 f   LIBCMT:utility.obj
 0001:00009e60       __scrt_initialize_onexit_tables 000000018000ae60 f   LIBCMT:utility.obj
 0001:00009eec       __scrt_is_nonwritable_in_current_image 000000018000aeec f   LIBCMT:utility.obj
 0001:00009f84       __scrt_release_startup_lock 000000018000af84 f   LIBCMT:utility.obj
 0001:00009fa8       __scrt_uninitialize_crt    000000018000afa8 f   LIBCMT:utility.obj
 0001:00009fd4       _onexit                    000000018000afd4 f   LIBCMT:utility.obj
 0001:0000a010       atexit                     000000018000b010 f   LIBCMT:utility.obj
 0001:0000a028       __GSHandlerCheck           000000018000b028 f   LIBCMT:gshandler.obj
 0001:0000a048       __GSHandlerCheckCommon     000000018000b048 f   LIBCMT:gshandler.obj
 0001:0000a0a4       __GSHandlerCheck_EH        000000018000b0a4 f   LIBCMT:gshandlereh.obj
 0001:0000a124       ??_Etype_info@@UEAAPEAXI@Z 000000018000b124 f i LIBCMT:std_type_info_static.obj
 0001:0000a124       ??_Gtype_info@@UEAAPEAXI@Z 000000018000b124 f i LIBCMT:std_type_info_static.obj
 0001:0000a160       _alloca_probe              000000018000b160 f   LIBCMT:chkstk.obj
 0001:0000a160       __chkstk                   000000018000b160 f   LIBCMT:chkstk.obj
 0001:0000a1b4       __raise_securityfailure    000000018000b1b4 f   LIBCMT:gs_report.obj
 0001:0000a1e8       __report_gsfailure         000000018000b1e8 f   LIBCMT:gs_report.obj
 0001:0000a2bc       __report_rangecheckfailure 000000018000b2bc f   LIBCMT:gs_report.obj
 0001:0000a2d0       __report_securityfailure   000000018000b2d0 f   LIBCMT:gs_report.obj
 0001:0000a450       ??3@YAXPEAX@Z              000000018000b450 f   LIBCMT:delete_scalar.obj
 0001:0000a458       ??0bad_array_new_length@std@@QEAA@AEBV01@@Z 000000018000b458 f i LIBCMT:throw_bad_alloc.obj
 0001:0000a494       ??0bad_array_new_length@std@@QEAA@XZ 000000018000b494 f i LIBCMT:throw_bad_alloc.obj
 0001:0000a4b4       ?__scrt_throw_std_bad_array_new_length@@YAXXZ 000000018000b4b4 f   LIBCMT:throw_bad_alloc.obj
 0001:0000a4d4       __security_init_cookie     000000018000b4d4 f   LIBCMT:gs_support.obj
 0001:0000a580       ?__scrt_initialize_type_info@@YAXXZ 000000018000b580 f   LIBCMT:tncleanup.obj
 0001:0000a590       ?__scrt_uninitialize_type_info@@YAXXZ 000000018000b590 f   LIBCMT:tncleanup.obj
 0001:0000a59c       __local_stdio_scanf_options 000000018000b59c f i LIBCMT:default_local_stdio_options.obj
 0001:0000a5a4       __scrt_initialize_default_local_stdio_options 000000018000b5a4 f   LIBCMT:default_local_stdio_options.obj
 0001:0000a5c0       __scrt_get_dyn_tls_init_callback 000000018000b5c0 f   LIBCMT:dyn_tls_init.obj
 0001:0000a5c8       __crt_debugger_hook        000000018000b5c8 f   LIBCMT:utility_desktop.obj
 0001:0000a5d0       __scrt_fastfail            000000018000b5d0 f   LIBCMT:utility_desktop.obj
 0001:0000a71c       _RTC_Initialize            000000018000b71c f   LIBCMT:initsect.obj
 0001:0000a758       _RTC_Terminate             000000018000b758 f   LIBCMT:initsect.obj
 0001:0000a794       __isa_available_init       000000018000b794 f   LIBCMT:cpu_disp.obj
 0001:0000a910       __scrt_is_ucrt_dll_in_use  000000018000b910 f   LIBCMT:ucrt_detection.obj
 0001:0000a920       _purecall                  000000018000b920 f   libvcruntime:purevirt.obj
 0001:0000a93c       __std_exception_copy       000000018000b93c f   libvcruntime:std_exception.obj
 0001:0000a9cc       __std_exception_destroy    000000018000b9cc f   libvcruntime:std_exception.obj
 0001:0000a9f4       _CxxThrowException         000000018000b9f4 f   libvcruntime:throw.obj
 0001:0000aab4       ??$_CallSETranslator@V__FrameHandler3@@@@YAHPEAUEHExceptionRecord@@PEA_KPEAU_CONTEXT@@PEAU_xDISPATCHER_CONTEXT@@PEBU_s_FuncInfo@@K1@Z 000000018000bab4 f i libvcruntime:risctrnsctrl.obj
 0001:0000ab08       ?CatchTryBlock@__FrameHandler3@@SAPEBU_s_TryBlockMapEntry@@PEBU_s_FuncInfo@@H@Z 000000018000bb08 f   libvcruntime:risctrnsctrl.obj
 0001:0000ab5c       ?ExecutionInCatch@__FrameHandler3@@SA_NPEAU_xDISPATCHER_CONTEXT@@PEBU_s_FuncInfo@@@Z 000000018000bb5c f   libvcruntime:risctrnsctrl.obj
 0001:0000ab88       ?FrameUnwindToEmptyState@__FrameHandler3@@SAXPEA_KPEAU_xDISPATCHER_CONTEXT@@PEBU_s_FuncInfo@@@Z 000000018000bb88 f   libvcruntime:risctrnsctrl.obj
 0001:0000abec       ?GetEstablisherFrame@__FrameHandler3@@SAPEA_KPEA_KPEAU_xDISPATCHER_CONTEXT@@PEBU_s_FuncInfo@@0@Z 000000018000bbec f   libvcruntime:risctrnsctrl.obj
 0001:0000acb8       ?GetRangeOfTrysToCheck@__FrameHandler3@@SA?AU?$pair@Viterator@TryBlockMap@__FrameHandler3@@V123@@std@@AEAVTryBlockMap@1@HPEAU_xDISPATCHER_CONTEXT@@PEBU_s_FuncInfo@@H@Z 000000018000bcb8 f   libvcruntime:risctrnsctrl.obj
 0001:0000adf8       ?UnwindNestedFrames@__FrameHandler3@@SAXPEA_KPEAUEHExceptionRecord@@PEAU_CONTEXT@@0PEAXPEBU_s_FuncInfo@@HHPEBU_s_HandlerType@@PEAU_xDISPATCHER_CONTEXT@@E@Z 000000018000bdf8 f   libvcruntime:risctrnsctrl.obj
 0001:0000af1c       _CreateFrameInfo           000000018000bf1c f   libvcruntime:risctrnsctrl.obj
 0001:0000af58       _FindAndUnlinkFrame        000000018000bf58 f   libvcruntime:risctrnsctrl.obj
 0001:0000afac       _GetImageBase              000000018000bfac f   libvcruntime:risctrnsctrl.obj
 0001:0000afc0       _GetThrowImageBase         000000018000bfc0 f   libvcruntime:risctrnsctrl.obj
 0001:0000afd4       _SetImageBase              000000018000bfd4 f   libvcruntime:risctrnsctrl.obj
 0001:0000afec       _SetThrowImageBase         000000018000bfec f   libvcruntime:risctrnsctrl.obj
 0001:0000b004       __CxxFrameHandler3         000000018000c004 f   libvcruntime:risctrnsctrl.obj
 0001:0000b0a0       memcpy_repmovs             000000018000c0a0 f   libvcruntime:memcpy.obj
 0001:0000b0c0       memcpy                     000000018000c0c0 f   libvcruntime:memcpy.obj
 0001:0000b0c0       memmove                    000000018000c0c0 f   libvcruntime:memcpy.obj
 0001:0000b4b0       memset_repmovs             000000018000c4b0 f   libvcruntime:memset.obj
 0001:0000b4d0       memset                     000000018000c4d0 f   libvcruntime:memset.obj
 0001:0000b660       __DestructExceptionObject  000000018000c660 f   libvcruntime:ehhelpers.obj
 0001:0000b6d4       ?_CallMemberFunction0@@YAXQEAX0@Z 000000018000c6d4 f i libvcruntime:ehhelpers.obj
 0001:0000b6d8       _IsExceptionObjectToBeDestroyed 000000018000c6d8 f   libvcruntime:ehhelpers.obj
 0001:0000b708       __AdjustPointer            000000018000c708 f   libvcruntime:ehhelpers.obj
 0001:0000b72c       __FrameUnwindFilter        000000018000c72c f   libvcruntime:ehhelpers.obj
 0001:0000b778       __std_terminate            000000018000c778 f   libvcruntime:ehhelpers.obj
 0001:0000b7a0       memchr                     000000018000c7a0 f   libvcruntime:memchr.obj
 0001:0000b820       memcmp                     000000018000c820 f   libvcruntime:memcmp.obj
 0001:0000b8e8       __C_specific_handler       000000018000c8e8 f   libvcruntime:riscchandler.obj
 0001:0000baf4       __vcrt_initialize          000000018000caf4 f   libvcruntime:initialization.obj
 0001:0000bb1c       __vcrt_thread_attach       000000018000cb1c f   libvcruntime:initialization.obj
 0001:0000bb30       __vcrt_thread_detach       000000018000cb30 f   libvcruntime:initialization.obj
 0001:0000bb44       __vcrt_uninitialize        000000018000cb44 f   libvcruntime:initialization.obj
 0001:0000bb60       __vcrt_uninitialize_critical 000000018000cb60 f   libvcruntime:initialization.obj
 0001:0000bb70       __std_type_info_compare    000000018000cb70 f   libvcruntime:std_type_info.obj
 0001:0000bb98       __std_type_info_destroy_list 000000018000cb98 f   libvcruntime:std_type_info.obj
 0001:0000bbc4       __vcrt_freefls             000000018000cbc4 f   libvcruntime:per_thread_data.obj
 0001:0000bbe4       __vcrt_freeptd             000000018000cbe4 f   libvcruntime:per_thread_data.obj
 0001:0000bc34       __vcrt_getptd              000000018000cc34 f   libvcruntime:per_thread_data.obj
 0001:0000bc50       __vcrt_getptd_noexit       000000018000cc50 f   libvcruntime:per_thread_data.obj
 0001:0000bd10       __vcrt_initialize_ptd      000000018000cd10 f   libvcruntime:per_thread_data.obj
 0001:0000bd58       __vcrt_uninitialize_ptd    000000018000cd58 f   libvcruntime:per_thread_data.obj
 0001:0000bd7c       ?GetCurrentState@__FrameHandler3@@SAHPEA_KPEAU_xDISPATCHER_CONTEXT@@PEBU_s_FuncInfo@@@Z 000000018000cd7c f   libvcruntime:ehstate.obj
 0001:0000bda4       ?GetUnwindTryBlock@__FrameHandler3@@SAHPEA_KPEAU_xDISPATCHER_CONTEXT@@PEBU_s_FuncInfo@@@Z 000000018000cda4 f   libvcruntime:ehstate.obj
 0001:0000bdd0       ?SetState@__FrameHandler3@@SAXPEA_KPEBU_s_FuncInfo@@H@Z 000000018000cdd0 f   libvcruntime:ehstate.obj
 0001:0000bddc       ?SetUnwindTryBlock@__FrameHandler3@@SAXPEA_KPEAU_xDISPATCHER_CONTEXT@@PEBU_s_FuncInfo@@H@Z 000000018000cddc f   libvcruntime:ehstate.obj
 0001:0000be18       ?StateFromControlPc@__FrameHandler3@@SAHPEBU_s_FuncInfo@@PEAU_xDISPATCHER_CONTEXT@@@Z 000000018000ce18 f   libvcruntime:ehstate.obj
 0001:0000be20       ?StateFromIp@__FrameHandler3@@SAHPEBU_s_FuncInfo@@PEAU_xDISPATCHER_CONTEXT@@_K@Z 000000018000ce20 f   libvcruntime:ehstate.obj
 0001:0000c90c       ??$TypeMatchHelper@V__FrameHandler3@@@@YAHPEBU_s_HandlerType@@PEBU_s_CatchableType@@PEBU_s_ThrowInfo@@@Z 000000018000d90c f i libvcruntime:frame.obj
 0001:0000ca50       ??$__InternalCxxFrameHandler@V__FrameHandler3@@@@YA?AW4_EXCEPTION_DISPOSITION@@PEAUEHExceptionRecord@@PEA_KPEAU_CONTEXT@@PEAU_xDISPATCHER_CONTEXT@@PEBU_s_FuncInfo@@H1E@Z 000000018000da50 f i libvcruntime:frame.obj
 0001:0000cc98       ??0bad_exception@std@@QEAA@AEBV01@@Z 000000018000dc98 f i libvcruntime:frame.obj
 0001:0000ccd4       ??0bad_exception@std@@QEAA@XZ 000000018000dcd4 f i libvcruntime:frame.obj
 0001:0000ccf4       ?CxxCallCatchBlock@__FrameHandler3@@SAPEAXPEAU_EXCEPTION_RECORD@@@Z 000000018000dcf4 f   libvcruntime:frame.obj
 0001:0000cf68       ?FrameUnwindToState@__FrameHandler3@@SAXPEA_KPEAU_xDISPATCHER_CONTEXT@@PEBU_s_FuncInfo@@H@Z 000000018000df68 f   libvcruntime:frame.obj
 0001:0000d0f4       ?GetHandlerSearchState@__FrameHandler3@@SAHPEA_KPEAU_xDISPATCHER_CONTEXT@@PEBU_s_FuncInfo@@@Z 000000018000e0f4 f i libvcruntime:frame.obj
 0001:0000d304       ?_CallMemberFunction1@@YAXQEAX00@Z 000000018000e304 f i libvcruntime:frame.obj
 0001:0000d310       ?_CallMemberFunction2@@YAXQEAX00H@Z 000000018000e310 f i libvcruntime:frame.obj
 0001:0000d330       _NLG_Notify                000000018000e330 f   libvcruntime:notify.obj
 0001:0000d350       __NLG_Dispatch2            000000018000e350 f   libvcruntime:notify.obj
 0001:0000d360       __NLG_Return2              000000018000e360 f   libvcruntime:notify.obj
 0001:0000d364       __except_validate_context_record 000000018000e364 f   libvcruntime:jbcxrval.obj
 0001:0000d39c       __vcrt_initialize_locks    000000018000e39c f   libvcruntime:locks.obj
 0001:0000d3e4       __vcrt_uninitialize_locks  000000018000e3e4 f   libvcruntime:locks.obj
 0001:0000d578       __vcrt_FlsAlloc            000000018000e578 f   libvcruntime:winapi_downlevel.obj
 0001:0000d5c0       __vcrt_FlsFree             000000018000e5c0 f   libvcruntime:winapi_downlevel.obj
 0001:0000d608       __vcrt_FlsGetValue         000000018000e608 f   libvcruntime:winapi_downlevel.obj
 0001:0000d650       __vcrt_FlsSetValue         000000018000e650 f   libvcruntime:winapi_downlevel.obj
 0001:0000d6a4       __vcrt_InitializeCriticalSectionEx 000000018000e6a4 f   libvcruntime:winapi_downlevel.obj
 0001:0000d720       _CallSettingFrame          000000018000e720 f   libvcruntime:handlers.obj
 0001:0000d770       _CallSettingFrameEncoded   000000018000e770 f   libvcruntime:handlers.obj
 0001:0000d7b8       abort                      000000018000e7b8 f   libucrt:abort.obj
 0001:0000d810       calloc                     000000018000e810 f   libucrt:calloc.obj
 0001:0000d818       __acrt_call_reportfault    000000018000e818 f   libucrt:invalid_parameter.obj
 0001:0000d974       __acrt_initialize_invalid_parameter_handler 000000018000e974 f   libucrt:invalid_parameter.obj
 0001:0000d97c       _invalid_parameter         000000018000e97c f   libucrt:invalid_parameter.obj
 0001:0000da2c       _invalid_parameter_noinfo  000000018000ea2c f   libucrt:invalid_parameter.obj
 0001:0000da4c       _invalid_parameter_noinfo_noreturn 000000018000ea4c f   libucrt:invalid_parameter.obj
 0001:0000da7c       _invoke_watson             000000018000ea7c f   libucrt:invalid_parameter.obj
 0001:0000db70       strcspn                    000000018000eb70 f   libucrt:strcspn.obj
 0001:0000e140       ??$ensure_buffer_is_big_enough@D@formatting_buffer@__crt_stdio_output@@QEAA_N_K@Z 000000018000f140 f i libucrt:output.obj
 0001:0000e1e8       ??$type_case_integer_parse_into_buffer@I@?$output_processor@DV?$stream_output_adapter@D@__crt_stdio_output@@V?$standard_base@DV?$stream_output_adapter@D@__crt_stdio_output@@@2@@__crt_stdio_output@@AEAAXII_N@Z 000000018000f1e8 f i libucrt:output.obj
 0001:0000e1e8       ??$type_case_integer_parse_into_buffer@I@?$output_processor@DV?$string_output_adapter@D@__crt_stdio_output@@V?$format_validation_base@DV?$string_output_adapter@D@__crt_stdio_output@@@2@@__crt_stdio_output@@AEAAXII_N@Z 000000018000f1e8 f i libucrt:output.obj
 0001:0000e278       ??$type_case_integer_parse_into_buffer@_K@?$output_processor@DV?$string_output_adapter@D@__crt_stdio_output@@V?$format_validation_base@DV?$string_output_adapter@D@__crt_stdio_output@@@2@@__crt_stdio_output@@AEAAX_KI_N@Z 000000018000f278 f i libucrt:output.obj
 0001:0000e278       ??$type_case_integer_parse_into_buffer@_K@?$output_processor@DV?$stream_output_adapter@D@__crt_stdio_output@@V?$standard_base@DV?$stream_output_adapter@D@__crt_stdio_output@@@2@@__crt_stdio_output@@AEAAX_KI_N@Z 000000018000f278 f i libucrt:output.obj
 0001:0000e30c       ??$write_multiple_characters@V?$stream_output_adapter@D@__crt_stdio_output@@D@__crt_stdio_output@@YAXAEBV?$stream_output_adapter@D@0@DHQEAH@Z 000000018000f30c f i libucrt:output.obj
 0001:0000e398       ??$write_multiple_characters@V?$string_output_adapter@D@__crt_stdio_output@@D@__crt_stdio_output@@YAXAEBV?$string_output_adapter@D@0@DHQEAH@Z 000000018000f398 f i libucrt:output.obj
 0001:0000e410       ??0_LocaleUpdate@@QEAA@QEAU__crt_locale_pointers@@@Z 000000018000f410 f i libucrt:output.obj
 0001:0000e4ac       ??1_LocaleUpdate@@QEAA@XZ  000000018000f4ac f i libucrt:output.obj
 0001:0000e5f0       ?crop_zeroes@__crt_stdio_output@@YAXPEADQEAU__crt_locale_pointers@@@Z 000000018000f5f0 f i libucrt:output.obj
 0001:0000e65c       ?force_decimal_point@__crt_stdio_output@@YAXPEADQEAU__crt_locale_pointers@@@Z 000000018000f65c f i libucrt:output.obj
 0001:0000e6cc       ?parse_int_from_format_string@?$output_processor@DV?$stream_output_adapter@D@__crt_stdio_output@@V?$standard_base@DV?$stream_output_adapter@D@__crt_stdio_output@@@2@@__crt_stdio_output@@AEAA_NQEAH@Z 000000018000f6cc f i libucrt:output.obj
 0001:0000e6cc       ?parse_int_from_format_string@?$output_processor@DV?$string_output_adapter@D@__crt_stdio_output@@V?$format_validation_base@DV?$string_output_adapter@D@__crt_stdio_output@@@2@@__crt_stdio_output@@AEAA_NQEAH@Z 000000018000f6cc f i libucrt:output.obj
 0001:0000e770       ?process@?$output_processor@DV?$stream_output_adapter@D@__crt_stdio_output@@V?$standard_base@DV?$stream_output_adapter@D@__crt_stdio_output@@@2@@__crt_stdio_output@@QEAAHXZ 000000018000f770 f i libucrt:output.obj
 0001:0000e988       ?process@?$output_processor@DV?$string_output_adapter@D@__crt_stdio_output@@V?$format_validation_base@DV?$string_output_adapter@D@__crt_stdio_output@@@2@@__crt_stdio_output@@QEAAHXZ 000000018000f988 f i libucrt:output.obj
 0001:0000eba0       ?state_case_normal@?$output_processor@DV?$stream_output_adapter@D@__crt_stdio_output@@V?$standard_base@DV?$stream_output_adapter@D@__crt_stdio_output@@@2@@__crt_stdio_output@@AEAA_NXZ 000000018000fba0 f i libucrt:output.obj
 0001:0000ec10       ?state_case_normal@?$output_processor@DV?$string_output_adapter@D@__crt_stdio_output@@V?$format_validation_base@DV?$string_output_adapter@D@__crt_stdio_output@@@2@@__crt_stdio_output@@AEAA_NXZ 000000018000fc10 f i libucrt:output.obj
 0001:0000ec84       ?state_case_normal_tchar@?$output_processor@DV?$stream_output_adapter@D@__crt_stdio_output@@V?$standard_base@DV?$stream_output_adapter@D@__crt_stdio_output@@@2@@__crt_stdio_output@@AEAA_ND@Z 000000018000fc84 f i libucrt:output.obj
 0001:0000ed28       ?state_case_normal_tchar@?$output_processor@DV?$string_output_adapter@D@__crt_stdio_output@@V?$format_validation_base@DV?$string_output_adapter@D@__crt_stdio_output@@@2@@__crt_stdio_output@@AEAA_ND@Z 000000018000fd28 f i libucrt:output.obj
 0001:0000edd0       ?state_case_size@?$output_processor@DV?$stream_output_adapter@D@__crt_stdio_output@@V?$standard_base@DV?$stream_output_adapter@D@__crt_stdio_output@@@2@@__crt_stdio_output@@AEAA_NXZ 000000018000fdd0 f i libucrt:output.obj
 0001:0000ef44       ?state_case_size@?$output_processor@DV?$string_output_adapter@D@__crt_stdio_output@@V?$format_validation_base@DV?$string_output_adapter@D@__crt_stdio_output@@@2@@__crt_stdio_output@@AEAA_NXZ 000000018000ff44 f i libucrt:output.obj
 0001:0000f0b8       ?state_case_type@?$output_processor@DV?$stream_output_adapter@D@__crt_stdio_output@@V?$standard_base@DV?$stream_output_adapter@D@__crt_stdio_output@@@2@@__crt_stdio_output@@AEAA_NXZ 00000001800100b8 f i libucrt:output.obj
 0001:0000f33c       ?state_case_type@?$output_processor@DV?$string_output_adapter@D@__crt_stdio_output@@V?$format_validation_base@DV?$string_output_adapter@D@__crt_stdio_output@@@2@@__crt_stdio_output@@AEAA_NXZ 000000018001033c f i libucrt:output.obj
 0001:0000f5a4       ?type_case_Z@?$output_processor@DV?$string_output_adapter@D@__crt_stdio_output@@V?$format_validation_base@DV?$string_output_adapter@D@__crt_stdio_output@@@2@@__crt_stdio_output@@AEAA_NXZ 00000001800105a4 f i libucrt:output.obj
 0001:0000f5a4       ?type_case_Z@?$output_processor@DV?$stream_output_adapter@D@__crt_stdio_output@@V?$standard_base@DV?$stream_output_adapter@D@__crt_stdio_output@@@2@@__crt_stdio_output@@AEAA_NXZ 00000001800105a4 f i libucrt:output.obj
 0001:0000f61c       ?type_case_a@?$output_processor@DV?$stream_output_adapter@D@__crt_stdio_output@@V?$standard_base@DV?$stream_output_adapter@D@__crt_stdio_output@@@2@@__crt_stdio_output@@AEAA_NXZ 000000018001061c f i libucrt:output.obj
 0001:0000f61c       ?type_case_a@?$output_processor@DV?$string_output_adapter@D@__crt_stdio_output@@V?$format_validation_base@DV?$string_output_adapter@D@__crt_stdio_output@@@2@@__crt_stdio_output@@AEAA_NXZ 000000018001061c f i libucrt:output.obj
 0001:0000f7d8       ?type_case_c_tchar@?$output_processor@DV?$string_output_adapter@D@__crt_stdio_output@@V?$format_validation_base@DV?$string_output_adapter@D@__crt_stdio_output@@@2@@__crt_stdio_output@@AEAA_ND@Z 00000001800107d8 f i libucrt:output.obj
 0001:0000f7d8       ?type_case_c_tchar@?$output_processor@DV?$stream_output_adapter@D@__crt_stdio_output@@V?$standard_base@DV?$stream_output_adapter@D@__crt_stdio_output@@@2@@__crt_stdio_output@@AEAA_ND@Z 00000001800107d8 f i libucrt:output.obj
 0001:0000f894       ?type_case_integer@?$output_processor@DV?$string_output_adapter@D@__crt_stdio_output@@V?$format_validation_base@DV?$string_output_adapter@D@__crt_stdio_output@@@2@@__crt_stdio_output@@AEAA_NI_N@Z 0000000180010894 f i libucrt:output.obj
 0001:0000f894       ?type_case_integer@?$output_processor@DV?$stream_output_adapter@D@__crt_stdio_output@@V?$standard_base@DV?$stream_output_adapter@D@__crt_stdio_output@@@2@@__crt_stdio_output@@AEAA_NI_N@Z 0000000180010894 f i libucrt:output.obj
 0001:0000fa5c       ?type_case_n@?$output_processor@DV?$string_output_adapter@D@__crt_stdio_output@@V?$format_validation_base@DV?$string_output_adapter@D@__crt_stdio_output@@@2@@__crt_stdio_output@@AEAA_NXZ 0000000180010a5c f i libucrt:output.obj
 0001:0000fa5c       ?type_case_n@?$output_processor@DV?$stream_output_adapter@D@__crt_stdio_output@@V?$standard_base@DV?$stream_output_adapter@D@__crt_stdio_output@@@2@@__crt_stdio_output@@AEAA_NXZ 0000000180010a5c f i libucrt:output.obj
 0001:0000fb38       ?type_case_s@?$output_processor@DV?$string_output_adapter@D@__crt_stdio_output@@V?$format_validation_base@DV?$string_output_adapter@D@__crt_stdio_output@@@2@@__crt_stdio_output@@AEAA_NXZ 0000000180010b38 f i libucrt:output.obj
 0001:0000fb38       ?type_case_s@?$output_processor@DV?$stream_output_adapter@D@__crt_stdio_output@@V?$standard_base@DV?$stream_output_adapter@D@__crt_stdio_output@@@2@@__crt_stdio_output@@AEAA_NXZ 0000000180010b38 f i libucrt:output.obj
 0001:0000fbd0       ?validate_stream_is_ansi_if_required@?$__acrt_stdio_char_traits@D@@SA_NQEAU_iobuf@@@Z 0000000180010bd0 f i libucrt:output.obj
 0001:0000fc6c       ?write_stored_string_tchar@?$output_processor@DV?$stream_output_adapter@D@__crt_stdio_output@@V?$standard_base@DV?$stream_output_adapter@D@__crt_stdio_output@@@2@@__crt_stdio_output@@AEAA_ND@Z 0000000180010c6c f i libucrt:output.obj
 0001:0000fd90       ?write_stored_string_tchar@?$output_processor@DV?$string_output_adapter@D@__crt_stdio_output@@V?$format_validation_base@DV?$string_output_adapter@D@__crt_stdio_output@@@2@@__crt_stdio_output@@AEAA_ND@Z 0000000180010d90 f i libucrt:output.obj
 0001:0000fe68       ?write_string@?$string_output_adapter@D@__crt_stdio_output@@QEBAXQEBDHQEAHAEAV__crt_deferred_errno_cache@@@Z 0000000180010e68 f i libucrt:output.obj
 0001:0000ff0c       ?write_string_impl@?$output_adapter_common@DV?$stream_output_adapter@D@__crt_stdio_output@@@__crt_stdio_output@@IEBAXQEBDHQEAHAEAV__crt_deferred_errno_cache@@@Z 0000000180010f0c f i libucrt:output.obj
 0001:00010004       __stdio_common_vfprintf    0000000180011004 f   libucrt:output.obj
 0001:00010090       __stdio_common_vsprintf_s  0000000180011090 f   libucrt:output.obj
 0001:000100f4       localeconv                 00000001800110f4 f   libucrt:localeconv.obj
 0001:00010128       free                       0000000180011128 f   libucrt:free.obj
 0001:0001013c       frexp                      000000018001113c f   libucrt:frexp.obj
 0001:00010234       __acrt_initialize_stdio    0000000180011234 f   libucrt:_file.obj
 0001:00010354       __acrt_iob_func            0000000180011354 f   libucrt:_file.obj
 0001:00010368       __acrt_uninitialize_stdio  0000000180011368 f   libucrt:_file.obj
 0001:000103c4       _get_stream_buffer_pointers 00000001800113c4 f   libucrt:_file.obj
 0001:0001040c       _lock_file                 000000018001140c f   libucrt:_file.obj
 0001:00010418       _unlock_file               0000000180011418 f   libucrt:_file.obj
 0001:00010424       malloc                     0000000180011424 f   libucrt:malloc.obj
 0001:0001042c       __ascii_stricmp            000000018001142c f   libucrt:stricmp.obj
 0001:0001046c       _stricmp                   000000018001146c f   libucrt:stricmp.obj
 0001:000104b4       _stricmp_l                 00000001800114b4 f   libucrt:stricmp.obj
 0001:00010568       __acrt_initialize_locks    0000000180011568 f   libucrt:locks.obj
 0001:000105b0       __acrt_lock                00000001800115b0 f   libucrt:locks.obj
 0001:000105cc       __acrt_uninitialize_locks  00000001800115cc f   libucrt:locks.obj
 0001:00010604       __acrt_unlock              0000000180011604 f   libucrt:locks.obj
 0001:00010620       _lock_locales              0000000180011620 f   libucrt:locks.obj
 0001:0001063c       _unlock_locales            000000018001163c f   libucrt:locks.obj
 0001:0001064c       terminate                  000000018001164c f   libucrt:terminate.obj
 0001:0001066c       _fclose_nolock             000000018001166c f   libucrt:fclose.obj
 0001:000106f0       fclose                     00000001800116f0 f   libucrt:fclose.obj
 0001:00010970       __acrt_stdio_flush_nolock  0000000180011970 f   libucrt:fflush.obj
 0001:000109ec       _fflush_nolock             00000001800119ec f   libucrt:fflush.obj
 0001:00010a38       _flushall                  0000000180011a38 f   libucrt:fflush.obj
 0001:00010a40       fflush                     0000000180011a40 f   libucrt:fflush.obj
 0001:00010aa8       _fgetc_nolock              0000000180011aa8 f   libucrt:fgetc.obj
 0001:00010aec       fgetc                      0000000180011aec f   libucrt:fgetc.obj
 0001:00010bf4       fgetpos                    0000000180011bf4 f   libucrt:fgetpos.obj
 0001:00010c40       _fputc_nolock              0000000180011c40 f   libucrt:fputc.obj
 0001:00010c58       fputc                      0000000180011c58 f   libucrt:fputc.obj
 0001:00010d7c       _fread_nolock_s            0000000180011d7c f   libucrt:fread.obj
 0001:0001100c       fread                      000000018001200c f   libucrt:fread.obj
 0001:0001102c       fread_s                    000000018001202c f   libucrt:fread.obj
 0001:000110d4       fsetpos                    00000001800120d4 f   libucrt:fsetpos.obj
 0001:00011314       _fseeki64                  0000000180012314 f   libucrt:fseek.obj
 0001:000113c0       _fwrite_nolock             00000001800123c0 f   libucrt:fwrite.obj
 0001:0001156c       fwrite                     000000018001256c f   libucrt:fwrite.obj
 0001:00011710       setvbuf                    0000000180012710 f   libucrt:setvbuf.obj
 0001:000117ac       _ungetc_nolock             00000001800127ac f   libucrt:ungetc.obj
 0001:000118d4       ungetc                     00000001800128d4 f   libucrt:ungetc.obj
 0001:00011c0c       setlocale                  0000000180012c0c f   libucrt:setlocale.obj
 0001:00011c58       __pctype_func              0000000180012c58 f   libucrt:ctype.obj
 0001:00011c88       isdigit                    0000000180012c88 f i libucrt:_ctype.obj
 0001:00011d1c       islower                    0000000180012d1c f i libucrt:_ctype.obj
 0001:00011db0       isupper                    0000000180012db0 f i libucrt:_ctype.obj
 0001:00011e44       _wcsdup                    0000000180012e44 f   libucrt:wcsdup.obj
 0001:00011ec8       ___lc_codepage_func        0000000180012ec8 f   libucrt:initctype.obj
 0001:00011ef8       ___lc_locale_name_func     0000000180012ef8 f   libucrt:initctype.obj
 0001:00011f2c       ___mb_cur_max_func         0000000180012f2c f   libucrt:initctype.obj
 0001:00011f5c       __acrt_locale_initialize_ctype 0000000180012f5c f   libucrt:initctype.obj
 0001:000125ac       __acrt_errno_from_os_error 00000001800135ac f   libucrt:errno.obj
 0001:000125f4       __acrt_errno_map_os_error  00000001800135f4 f   libucrt:errno.obj
 0001:00012644       __doserrno                 0000000180013644 f   libucrt:errno.obj
 0001:00012664       _errno                     0000000180013664 f   libucrt:errno.obj
 0001:00012690       ?divide@__crt_strtox@@YA_KAEAUbig_integer@1@AEBU21@@Z 0000000180013690 f i libucrt:strtod.obj
 0001:00012b50       pow                        0000000180013b50 f   libucrt:pow.obj
 0001:000141f0       powf                       00000001800151f0 f   libucrt:powf.obj
 0001:000150b8       __strncnt                  00000001800160b8 f   libucrt:strncnt.obj
 0001:000150d0       ??$__acrt_mbs_to_wcs_cp@U__crt_win32_buffer_internal_dynamic_resizing@@@@YAHQEBDAEAV?$__crt_win32_buffer@_WU__crt_win32_buffer_internal_dynamic_resizing@@@@I@Z 00000001800160d0 f i libucrt:strftime.obj
 0001:00015248       ??$__acrt_wcs_to_mbs_cp@U__crt_win32_buffer_no_resizing@@@@YAHQEB_WAEAV?$__crt_win32_buffer@DU__crt_win32_buffer_no_resizing@@@@I@Z 0000000180016248 f i libucrt:strftime.obj
 0001:000153bc       _tolower_l                 00000001800163bc f   libucrt:tolower_toupper.obj
 0001:000154fc       tolower                    00000001800164fc f   libucrt:tolower_toupper.obj
 0001:00015528       wcscpy_s                   0000000180016528 f   libucrt:wcscpy_s.obj
 0001:00015590       strnlen                    0000000180016590 f   libucrt:strnlen.obj
 0001:000156e0       wcsnlen                    00000001800166e0 f   libucrt:strnlen.obj
 0001:000158b8       __acrt_initialize_new_handler 00000001800168b8 f   libucrt:new_handler.obj
 0001:000158c0       _callnewh                  00000001800168c0 f   libucrt:new_handler.obj
 0001:000158f0       _query_new_handler         00000001800168f0 f   libucrt:new_handler.obj
 0001:00015924       _initterm                  0000000180016924 f   libucrt:initterm.obj
 0001:00015988       _initterm_e                0000000180016988 f   libucrt:initterm.obj
 0001:000159c8       _seh_filter_dll            00000001800169c8 f   libucrt:exception_filter.obj
 0001:000159dc       _seh_filter_exe            00000001800169dc f   libucrt:exception_filter.obj
 0001:00015dcc       __acrt_initialize_thread_local_exit_callback 0000000180016dcc f   libucrt:exit.obj
 0001:00015dd4       _cexit                     0000000180016dd4 f   libucrt:exit.obj
 0001:00015de4       _exit                      0000000180016de4 f   libucrt:exit.obj
 0001:00015df0       _is_c_termination_complete 0000000180016df0 f   libucrt:exit.obj
 0001:00015fbc       __acrt_allocate_buffer_for_argv 0000000180016fbc f   libucrt:argv_parsing.obj
 0001:0001601c       _configure_narrow_argv     000000018001701c f   libucrt:argv_parsing.obj
 0001:00016394       __dcrt_uninitialize_environments_nolock 0000000180017394 f   libucrt:environment_initialization.obj
 0001:000163cc       _initialize_narrow_environment 00000001800173cc f   libucrt:environment_initialization.obj
 0001:00016714       _crt_atexit                0000000180017714 f   libucrt:onexit.obj
 0001:00016724       _execute_onexit_table      0000000180017724 f   libucrt:onexit.obj
 0001:00016760       _initialize_onexit_table   0000000180017760 f   libucrt:onexit.obj
 0001:00016788       _register_onexit_function  0000000180017788 f   libucrt:onexit.obj
 0001:000168fc       __acrt_initialize          00000001800178fc f   libucrt:initialization.obj
 0001:00016910       __acrt_thread_attach       0000000180017910 f   libucrt:initialization.obj
 0001:00016924       __acrt_thread_detach       0000000180017924 f   libucrt:initialization.obj
 0001:00016934       __acrt_uninitialize        0000000180017934 f   libucrt:initialization.obj
 0001:0001696c       __acrt_uninitialize_critical 000000018001796c f   libucrt:initialization.obj
 0001:0001697c       strcpy_s                   000000018001797c f   libucrt:strcpy_s.obj
 0001:000169dc       ??$parse_integer@KV?$c_string_character_source@D@__crt_strtox@@@__crt_strtox@@YAKQEAU__crt_locale_pointers@@V?$c_string_character_source@D@0@H_N@Z 00000001800179dc f i libucrt:atox.obj
 0001:00016d18       ??$parse_integer@KV?$c_string_character_source@_W@__crt_strtox@@@__crt_strtox@@YAKQEAU__crt_locale_pointers@@V?$c_string_character_source@_W@0@H_N@Z 0000000180017d18 f i libucrt:atox.obj
 0001:000173cc       _wtol                      00000001800183cc f   libucrt:atox.obj
 0001:00017410       strncmp                    0000000180018410 f   libucrt:strncmp.obj
 0001:00017490       wcsncmp                    0000000180018490 f   libucrt:wcsncmp.obj
 0001:00017504       __acrt_get_sigabrt_handler 0000000180018504 f   libucrt:signal.obj
 0001:00017534       __acrt_initialize_signal_handlers 0000000180018534 f   libucrt:signal.obj
 0001:00017554       raise                      0000000180018554 f   libucrt:signal.obj
 0001:000177c0       _calloc_base               00000001800187c0 f   libucrt:calloc_base.obj
 0001:00017bb0       __acrt_freeptd             0000000180018bb0 f   libucrt:per_thread_data.obj
 0001:00017bf4       __acrt_getptd              0000000180018bf4 f   libucrt:per_thread_data.obj
 0001:00017cc8       __acrt_getptd_head         0000000180018cc8 f   libucrt:per_thread_data.obj
 0001:00017d70       __acrt_getptd_noexit       0000000180018d70 f   libucrt:per_thread_data.obj
 0001:00017e3c       __acrt_initialize_ptd      0000000180018e3c f   libucrt:per_thread_data.obj
 0001:00017e78       __acrt_uninitialize_ptd    0000000180018e78 f   libucrt:per_thread_data.obj
 0001:00017e9c       _free_base                 0000000180018e9c f   libucrt:free_base.obj
 0001:00017edc       _malloc_base               0000000180018edc f   libucrt:malloc_base.obj
 0001:00017f3c       strtol                     0000000180018f3c f   libucrt:strtox.obj
 0001:00017f68       _mbtowc_l                  0000000180018f68 f   libucrt:mbtowc.obj
 0001:000180e4       mbtowc                     00000001800190e4 f   libucrt:mbtowc.obj
 0001:000180ec       _wctomb_s_l                00000001800190ec f   libucrt:wctomb.obj
 0001:0001828c       wctomb_s                   000000018001928c f   libucrt:wctomb.obj
 0001:000182a0       __acrt_update_locale_info  00000001800192a0 f   libucrt:locale_update.obj
 0001:000182d4       __acrt_update_multibyte_info 00000001800192d4 f   libucrt:locale_update.obj
 0001:00018cdc       __acrt_fp_format           0000000180019cdc f   libucrt:cvt.obj
 0001:00018f64       _fileno                    0000000180019f64 f   libucrt:fileno.obj
 0001:00018f8c       _get_printf_count_output   0000000180019f8c f   libucrt:printf_count_output.obj
 0001:00018fa4       __acrt_stdio_begin_temporary_buffering_nolock 0000000180019fa4 f   libucrt:_sftbuf.obj
 0001:00019074       __acrt_stdio_end_temporary_buffering_nolock 000000018001a074 f   libucrt:_sftbuf.obj
 0001:00019318       __acrt_copy_locale_name    000000018001a318 f   libucrt:wsetlocale.obj
 0001:0001939c       __acrt_set_locale_changed  000000018001a39c f   libucrt:wsetlocale.obj
 0001:000193a8       __acrt_uninitialize_locale 000000018001a3a8 f   libucrt:wsetlocale.obj
 0001:000193d8       __lc_lctowcs               000000018001a3d8 f   libucrt:wsetlocale.obj
 0001:0001947c       __lc_wcstolc               000000018001a47c f   libucrt:wsetlocale.obj
 0001:000196b8       _expandlocale              000000018001a6b8 f   libucrt:wsetlocale.obj
 0001:00019a9c       _wcscats                   000000018001aa9c f   libucrt:wsetlocale.obj
 0001:00019b04       _wsetlocale                000000018001ab04 f   libucrt:wsetlocale.obj
 0001:0001a578       __acrt_initialize_lowio    000000018001b578 f   libucrt:ioinit.obj
 0001:0001a5b4       __acrt_uninitialize_lowio  000000018001b5b4 f   libucrt:ioinit.obj
 0001:0001a5f4       _dsign                     000000018001b5f4 f   libucrt:nan.obj
 0001:0001a60c       _errcode                   000000018001b60c f   libucrt:fpexcept.obj
 0001:0001a650       _except1                   000000018001b650 f   libucrt:fpexcept.obj
 0001:0001a744       _handle_exc                000000018001b744 f   libucrt:fpexcept.obj
 0001:0001a9ac       _raise_exc                 000000018001b9ac f   libucrt:fpexcept.obj
 0001:0001a9d4       _raise_exc_ex              000000018001b9d4 f   libucrt:fpexcept.obj
 0001:0001ace4       _raise_excf                000000018001bce4 f   libucrt:fpexcept.obj
 0001:0001ad10       _set_errno_from_matherr    000000018001bd10 f   libucrt:fpexcept.obj
 0001:0001ad40       _umatherr                  000000018001bd40 f   libucrt:fpexcept.obj
 0001:0001ae14       _decomp                    000000018001be14 f   libucrt:util.obj
 0001:0001af4c       _sptype                    000000018001bf4c f   libucrt:util.obj
 0001:0001afc0       _clrfp                     000000018001bfc0 f   libucrt:fpctrl.obj
 0001:0001afe0       _ctrlfp                    000000018001bfe0 f   libucrt:fpctrl.obj
 0001:0001b05c       _set_statfp                000000018001c05c f   libucrt:fpctrl.obj
 0001:0001b07c       _statfp                    000000018001c07c f   libucrt:fpctrl.obj
 0001:0001b30c       __acrt_AppPolicyGetProcessTerminationMethodInternal 000000018001c30c f   libucrt:winapi_thunks.obj
 0001:0001b35c       __acrt_AreFileApisANSI     000000018001c35c f   libucrt:winapi_thunks.obj
 0001:0001b398       __acrt_EnumSystemLocalesEx 000000018001c398 f   libucrt:winapi_thunks.obj
 0001:0001b430       __acrt_FlsAlloc            000000018001c430 f   libucrt:winapi_thunks.obj
 0001:0001b478       __acrt_FlsFree             000000018001c478 f   libucrt:winapi_thunks.obj
 0001:0001b4c0       __acrt_FlsGetValue         000000018001c4c0 f   libucrt:winapi_thunks.obj
 0001:0001b508       __acrt_FlsSetValue         000000018001c508 f   libucrt:winapi_thunks.obj
 0001:0001b55c       __acrt_GetLocaleInfoEx     000000018001c55c f   libucrt:winapi_thunks.obj
 0001:0001b5e0       __acrt_GetUserDefaultLocaleName 000000018001c5e0 f   libucrt:winapi_thunks.obj
 0001:0001b644       __acrt_InitializeCriticalSectionEx 000000018001c644 f   libucrt:winapi_thunks.obj
 0001:0001b6a8       __acrt_IsValidLocaleName   000000018001c6a8 f   libucrt:winapi_thunks.obj
 0001:0001b700       __acrt_LCIDToLocaleName    000000018001c700 f   libucrt:winapi_thunks.obj
 0001:0001b770       __acrt_LCMapStringEx       000000018001c770 f   libucrt:winapi_thunks.obj
 0001:0001b84c       __acrt_LocaleNameToLCID    000000018001c84c f   libucrt:winapi_thunks.obj
 0001:0001b89c       __acrt_can_use_vista_locale_apis 000000018001c89c f   libucrt:winapi_thunks.obj
 0001:0001b8cc       __acrt_eagerly_load_locale_apis 000000018001c8cc f   libucrt:winapi_thunks.obj
 0001:0001ba28       __acrt_initialize_winapi_thunks 000000018001ca28 f   libucrt:winapi_thunks.obj
 0001:0001ba5c       __acrt_uninitialize_winapi_thunks 000000018001ca5c f   libucrt:winapi_thunks.obj
 0001:0001baa0       _fcloseall                 000000018001caa0 f   libucrt:closeall.obj
 0001:0001bb54       __acrt_stdio_free_buffer_nolock 000000018001cb54 f   libucrt:_freebuf.obj
 0001:0001bc08       _close                     000000018001cc08 f   libucrt:close.obj
 0001:0001bcac       _close_nolock              000000018001ccac f   libucrt:close.obj
 0001:0001bd6c       ?__acrt_stdio_free_stream@@YAXV__crt_stdio_stream@@@Z 000000018001cd6c f   libucrt:stream.obj
 0001:0001be14       _commit                    000000018001ce14 f   libucrt:commit.obj
 0001:0001c714       _write                     000000018001d714 f   libucrt:write.obj
 0001:0001c800       _write_nolock              000000018001d800 f   libucrt:write.obj
 0001:0001cadc       __acrt_stdio_refill_and_read_narrow_nolock 000000018001dadc f   libucrt:_filbuf.obj
 0001:0001d118       _ftelli64                  000000018001e118 f   libucrt:ftell.obj
 0001:0001d120       _ftelli64_nolock           000000018001e120 f   libucrt:ftell.obj
 0001:0001d284       __acrt_stdio_flush_and_write_narrow_nolock 000000018001e284 f   libucrt:_flsbuf.obj
 0001:0001d944       _read                      000000018001e944 f   libucrt:read.obj
[...]
 0004:00002100       $pdata$??0?$basic_string@DU?$char_traits@D@std@@V?$allocator@D@2@@std@@QEAA@QEBD@Z 0000000180046100     kbring0.obj
 0004:0000210c       $pdata$??0?$basic_string@DU?$char_traits@D@std@@V?$allocator@D@2@@std@@QEAA@_KD@Z 000000018004610c     kbring0.obj
 0004:00002118       $pdata$??_GKBRing0@@UEAAPEAXI@Z 0000000180046118     kbring0.obj
 0004:00002124       $pdata$??0KBRing0@@QEAA@XZ 0000000180046124     kbring0.obj
 0004:00002130       $pdata$??_Gfailure@ios_base@std@@UEAAPEAXI@Z 0000000180046130     kbring0.obj
 0004:00002130       $pdata$??_Gsystem_error@std@@UEAAPEAXI@Z 0000000180046130     kbring0.obj
 0004:00002130       $pdata$??_G_System_error@std@@UEAAPEAXI@Z 0000000180046130     kbring0.obj
 0004:0000213c       $pdata$??0failure@ios_base@std@@QEAA@PEBDAEBVerror_code@2@@Z 000000018004613c     kbring0.obj
 0004:00002148       $pdata$??_G?$ctype@D@std@@MEAAPEAXI@Z 0000000180046148     kbring0.obj
 0004:00002154       $pdata$?do_narrow@?$ctype@D@std@@MEBAPEBDPEBD0DPEAD@Z 0000000180046154     kbring0.obj
 0004:00002160       $pdata$?do_widen@?$ctype@D@std@@MEBAPEBDPEBD0PEAD@Z 0000000180046160     kbring0.obj
 0004:0000216c       $pdata$?do_toupper@?$ctype@D@std@@MEBAPEBDPEADPEBD@Z 000000018004616c     kbring0.obj
 0004:00002178       $pdata$0$?do_toupper@?$ctype@D@std@@MEBAPEBDPEADPEBD@Z 0000000180046178     kbring0.obj
 0004:00002184       $pdata$1$?do_toupper@?$ctype@D@std@@MEBAPEBDPEADPEBD@Z 0000000180046184     kbring0.obj
 0004:00002190       $pdata$?do_tolower@?$ctype@D@std@@MEBAPEBDPEADPEBD@Z 0000000180046190     kbring0.obj
 0004:0000219c       $pdata$0$?do_tolower@?$ctype@D@std@@MEBAPEBDPEADPEBD@Z 000000018004619c     kbring0.obj
 0004:000021a8       $pdata$1$?do_tolower@?$ctype@D@std@@MEBAPEBDPEADPEBD@Z 00000001800461a8     kbring0.obj
 0004:000021b4       $pdata$??1_Locinfo@std@@QEAA@XZ 00000001800461b4     kbring0.obj
 0004:000021c0       $pdata$??0_Locinfo@std@@QEAA@PEBD@Z 00000001800461c0     kbring0.obj
 0004:000021cc       $pdata$??_G_Facet_base@std@@UEAAPEAXI@Z 00000001800461cc     kbring0.obj
 0004:000021d8       $pdata$??_G_Iostream_error_category@std@@UEAAPEAXI@Z 00000001800461d8     kbring0.obj
 0004:000021e4       $pdata$?message@_Iostream_error_category@std@@UEBA?AV?$basic_string@DU?$char_traits@D@std@@V?$allocator@D@2@@2@H@Z 00000001800461e4     kbring0.obj
 0004:000021f0       $pdata$??0system_error@std@@QEAA@Verror_code@1@PEBD@Z 00000001800461f0     kbring0.obj
 0004:000021fc       $pdata$?make_error_code@std@@YA?AVerror_code@1@W4io_errc@1@@Z 00000001800461fc     kbring0.obj
 0004:00002208       $pdata$?equivalent@error_category@std@@UEBA_NHAEBVerror_condition@2@@Z 0000000180046208     kbring0.obj
 0004:00002214       $pdata$??_Gruntime_error@std@@UEAAPEAXI@Z 0000000180046214     kbring0.obj
 0004:00002214       $pdata$??_Gexception@stdext@@UEAAPEAXI@Z 0000000180046214     kbring0.obj
 0004:00002220       $pdata$?_Raise@exception@stdext@@QEBAXXZ 0000000180046220     kbring0.obj
 0004:0000222c       $pdata$sprintf_s           000000018004622c     kbring0.obj
 0004:00002238       $pdata$??$_Insert_hint@AEAU?$pair@$$CBV?$basic_string@DU?$char_traits@D@std@@V?$allocator@D@2@@std@@H@std@@PEAU?$_Tree_node@U?$pair@$$CBV?$basic_string@DU?$char_traits@D@std@@V?$allocator@D@2@@std@@H@std@@PEAX@2@@?$_Tree@V?$_Tmap_traits@V?$basic_string@DU?$char_traits@D@std@@V?$allocator@D@2@@std@@HU?$less@V?$basic_string@DU?$char_traits@D@std@@V?$allocator@D@2@@std@@@2@V?$allocator@U?$pair@$$CBV?$basic_string@DU?$char_traits@D@std@@V?$allocator@D@2@@std@@H@std@@@2@$0A@@std@@@std@@IEAAPEAU?$_Tree_node@U?$pair@$$CBV?$basic_string@DU?$char_traits@D@std@@V?$allocator@D@2@@std@@H@std@@PEAX@1@V?$_Tree_unchecked_const_iterator@V?$_Tree_val@U?$_Tree_simple_types@U?$pair@$$CBV?$basic_string@DU?$char_traits@D@std@@V?$allocator@D@2@@std@@H@std@@@std@@@std@@U_Iterator_base0@2@@1@AEAU?$pair@$$CBV?$basic_string@DU?$char_traits@D@std@@V?$allocator@D@2@@std@@H@1@PEAU21@@Z 0000000180046238     keyboard.obj
 0004:00002244       $pdata$2$??$_Insert_hint@AEAU?$pair@$$CBV?$basic_string@DU?$char_traits@D@std@@V?$allocator@D@2@@std@@H@std@@PEAU?$_Tree_node@U?$pair@$$CBV?$basic_string@DU?$char_traits@D@std@@V?$allocator@D@2@@std@@H@std@@PEAX@2@@?$_Tree@V?$_Tmap_traits@V?$basic_string@DU?$char_traits@D@std@@V?$allocator@D@2@@std@@HU?$less@V?$basic_string@DU?$char_traits@D@std@@V?$allocator@D@2@@std@@@2@V?$allocator@U?$pair@$$CBV?$basic_string@DU?$char_traits@D@std@@V?$allocator@D@2@@std@@H@std@@@2@$0A@@std@@@std@@IEAAPEAU?$_Tree_node@U?$pair@$$CBV?$basic_string@DU?$char_traits@D@std@@V?$allocator@D@2@@std@@H@std@@PEAX@1@V?$_Tree_unchecked_const_iterator@V?$_Tree_val@U?$_Tree_simple_types@U?$pair@$$CBV?$basic_string@DU?$char_traits@D@std@@V?$allocator@D@2@@std@@H@std@@@std@@@std@@U_Iterator_base0@2@@1@AEAU?$pair@$$CBV?$basic_string@DU?$char_traits@D@std@@V?$allocator@D@2@@std@@H@1@PEAU21@@Z 0000000180046244     keyboard.obj
 0004:00002250       $pdata$4$??$_Insert_hint@AEAU?$pair@$$CBV?$basic_string@DU?$char_traits@D@std@@V?$allocator@D@2@@std@@H@std@@PEAU?$_Tree_node@U?$pair@$$CBV?$basic_string@DU?$char_traits@D@std@@V?$allocator@D@2@@std@@H@std@@PEAX@2@@?$_Tree@V?$_Tmap_traits@V?$basic_string@DU?$char_traits@D@std@@V?$allocator@D@2@@std@@HU?$less@V?$basic_string@DU?$char_traits@D@std@@V?$allocator@D@2@@std@@@2@V?$allocator@U?$pair@$$CBV?$basic_string@DU?$char_traits@D@std@@V?$allocator@D@2@@std@@H@std@@@2@$0A@@std@@@std@@IEAAPEAU?$_Tree_node@U?$pair@$$CBV?$basic_string@DU?$char_traits@D@std@@V?$allocator@D@2@@std@@H@std@@PEAX@1@V?$_Tree_unchecked_const_iterator@V?$_Tree_val@U?$_Tree_simple_types@U?$pair@$$CBV?$basic_string@DU?$char_traits@D@std@@V?$allocator@D@2@@std@@H@std@@@std@@@std@@U_Iterator_base0@2@@1@AEAU?$pair@$$CBV?$basic_string@DU?$char_traits@D@std@@V?$allocator@D@2@@std@@H@1@PEAU21@@Z 0000000180046250     keyboard.obj
 0004:0000225c       $pdata$??$_Insert_at@AEAU?$pair@$$CBV?$basic_string@DU?$char_traits@D@std@@V?$allocator@D@2@@std@@H@std@@PEAU?$_Tree_node@U?$pair@$$CBV?$basic_string@DU?$char_traits@D@std@@V?$allocator@D@2@@std@@H@std@@PEAX@2@@?$_Tree@V?$_Tmap_traits@V?$basic_string@DU?$char_traits@D@std@@V?$allocator@D@2@@std@@HU?$less@V?$basic_string@DU?$char_traits@D@std@@V?$allocator@D@2@@std@@@2@V?$allocator@U?$pair@$$CBV?$basic_string@DU?$char_traits@D@std@@V?$allocator@D@2@@std@@H@std@@@2@$0A@@std@@@std@@IEAAPEAU?$_Tree_node@U?$pair@$$CBV?$basic_string@DU?$char_traits@D@std@@V?$allocator@D@2@@std@@H@std@@PEAX@1@_NPEAU21@AEAU?$pair@$$CBV?$basic_string@DU?$char_traits@D@std@@V?$allocator@D@2@@std@@H@1@1@Z 000000018004625c     keyboard.obj
 0004:00002268       $pdata$0$??$_Insert_at@AEAU?$pair@$$CBV?$basic_string@DU?$char_traits@D@std@@V?$allocator@D@2@@std@@H@std@@PEAU?$_Tree_node@U?$pair@$$CBV?$basic_string@DU?$char_traits@D@std@@V?$allocator@D@2@@std@@H@std@@PEAX@2@@?$_Tree@V?$_Tmap_traits@V?$basic_string@DU?$char_traits@D@std@@V?$allocator@D@2@@std@@HU?$less@V?$basic_string@DU?$char_traits@D@std@@V?$allocator@D@2@@std@@@2@V?$allocator@U?$pair@$$CBV?$basic_string@DU?$char_traits@D@std@@V?$allocator@D@2@@std@@H@std@@@2@$0A@@std@@@std@@IEAAPEAU?$_Tree_node@U?$pair@$$CBV?$basic_string@DU?$char_traits@D@std@@V?$allocator@D@2@@std@@H@std@@PEAX@1@_NPEAU21@AEAU?$pair@$$CBV?$basic_string@DU?$char_traits@D@std@@V?$allocator@D@2@@std@@H@1@1@Z 0000000180046268     keyboard.obj
 0004:00002274       $pdata$1$??$_Insert_at@AEAU?$pair@$$CBV?$basic_string@DU?$char_traits@D@std@@V?$allocator@D@2@@std@@H@std@@PEAU?$_Tree_node@U?$pair@$$CBV?$basic_string@DU?$char_traits@D@std@@V?$allocator@D@2@@std@@H@std@@PEAX@2@@?$_Tree@V?$_Tmap_traits@V?$basic_string@DU?$char_traits@D@std@@V?$allocator@D@2@@std@@HU?$less@V?$basic_string@DU?$char_traits@D@std@@V?$allocator@D@2@@std@@@2@V?$allocator@U?$pair@$$CBV?$basic_string@DU?$char_traits@D@std@@V?$allocator@D@2@@std@@H@std@@@2@$0A@@std@@@std@@IEAAPEAU?$_Tree_node@U?$pair@$$CBV?$basic_string@DU?$char_traits@D@std@@V?$allocator@D@2@@std@@H@std@@PEAX@1@_NPEAU21@AEAU?$pair@$$CBV?$basic_string@DU?$char_traits@D@std@@V?$allocator@D@2@@std@@H@1@1@Z 0000000180046274     keyboard.obj
 0004:00002280       $pdata$?_Destroy_if_node@?$_Tree@V?$_Tmap_traits@V?$basic_string@DU?$char_traits@D@std@@V?$allocator@D@2@@std@@HU?$less@V?$basic_string@DU?$char_traits@D@std@@V?$allocator@D@2@@std@@@2@V?$allocator@U?$pair@$$CBV?$basic_string@DU?$char_traits@D@std@@V?$allocator@D@2@@std@@H@std@@@2@$0A@@std@@@std@@IEAAXPEAU?$_Tree_node@U?$pair@$$CBV?$basic_string@DU?$char_traits@D@std@@V?$allocator@D@2@@std@@H@std@@PEAX@2@@Z 0000000180046280     keyboard.obj
 0004:0000228c       $pdata$??$_Insert_nohint@AEAU?$pair@$$CBV?$basic_string@DU?$char_traits@D@std@@V?$allocator@D@2@@std@@H@std@@PEAU?$_Tree_node@U?$pair@$$CBV?$basic_string@DU?$char_traits@D@std@@V?$allocator@D@2@@std@@H@std@@PEAX@2@@?$_Tree@V?$_Tmap_traits@V?$basic_string@DU?$char_traits@D@std@@V?$allocator@D@2@@std@@HU?$less@V?$basic_string@DU?$char_traits@D@std@@V?$allocator@D@2@@std@@@2@V?$allocator@U?$pair@$$CBV?$basic_string@DU?$char_traits@D@std@@V?$allocator@D@2@@std@@H@std@@@2@$0A@@std@@@std@@IEAA?AU?$pair@PEAU?$_Tree_node@U?$pair@$$CBV?$basic_string@DU?$char_traits@D@std@@V?$allocator@D@2@@std@@H@std@@PEAX@std@@_N@1@_NAEAU?$pair@$$CBV?$basic_string@DU?$char_traits@D@std@@V?$allocator@D@2@@std@@H@1@PEAU?$_Tree_node@U?$pair@$$CBV?$basic_string@DU?$char_traits@D@std@@V?$allocator@D@2@@std@@H@std@@PEAX@1@@Z 000000018004628c     keyboard.obj
 0004:00002298       $pdata$??$_Erase_tree@V?$allocator@U?$_Tree_node@U?$pair@$$CBV?$basic_string@DU?$char_traits@D@std@@V?$allocator@D@2@@std@@H@std@@PEAX@std@@@std@@@?$_Tree_val@U?$_Tree_simple_types@U?$pair@$$CBV?$basic_string@DU?$char_traits@D@std@@V?$allocator@D@2@@std@@H@std@@@std@@@std@@QEAAXAEAV?$allocator@U?$_Tree_node@U?$pair@$$CBV?$basic_string@DU?$char_traits@D@std@@V?$allocator@D@2@@std@@H@std@@PEAX@std@@@1@PEAU?$_Tree_node@U?$pair@$$CBV?$basic_string@DU?$char_traits@D@std@@V?$allocator@D@2@@std@@H@std@@PEAX@1@@Z 0000000180046298     keyboard.obj
 0004:000022a4       $pdata$1$??$_Erase_tree@V?$allocator@U?$_Tree_node@U?$pair@$$CBV?$basic_string@DU?$char_traits@D@std@@V?$allocator@D@2@@std@@H@std@@PEAX@std@@@std@@@?$_Tree_val@U?$_Tree_simple_types@U?$pair@$$CBV?$basic_string@DU?$char_traits@D@std@@V?$allocator@D@2@@std@@H@std@@@std@@@std@@QEAAXAEAV?$allocator@U?$_Tree_node@U?$pair@$$CBV?$basic_string@DU?$char_traits@D@std@@V?$allocator@D@2@@std@@H@std@@PEAX@std@@@1@PEAU?$_Tree_node@U?$pair@$$CBV?$basic_string@DU?$char_traits@D@std@@V?$allocator@D@2@@std@@H@std@@PEAX@1@@Z 00000001800462a4     keyboard.obj
 0004:000022b0       $pdata$2$??$_Erase_tree@V?$allocator@U?$_Tree_node@U?$pair@$$CBV?$basic_string@DU?$char_traits@D@std@@V?$allocator@D@2@@std@@H@std@@PEAX@std@@@std@@@?$_Tree_val@U?$_Tree_simple_types@U?$pair@$$CBV?$basic_string@DU?$char_traits@D@std@@V?$allocator@D@2@@std@@H@std@@@std@@@std@@QEAAXAEAV?$allocator@U?$_Tree_node@U?$pair@$$CBV?$basic_string@DU?$char_traits@D@std@@V?$allocator@D@2@@std@@H@std@@PEAX@std@@@1@PEAU?$_Tree_node@U?$pair@$$CBV?$basic_string@DU?$char_traits@D@std@@V?$allocator@D@2@@std@@H@std@@PEAX@1@@Z 00000001800462b0     keyboard.obj
 0004:000022bc       $pdata$3$??$_Erase_tree@V?$allocator@U?$_Tree_node@U?$pair@$$CBV?$basic_string@DU?$char_traits@D@std@@V?$allocator@D@2@@std@@H@std@@PEAX@std@@@std@@@?$_Tree_val@U?$_Tree_simple_types@U?$pair@$$CBV?$basic_string@DU?$char_traits@D@std@@V?$allocator@D@2@@std@@H@std@@@std@@@std@@QEAAXAEAV?$allocator@U?$_Tree_node@U?$pair@$$CBV?$basic_string@DU?$char_traits@D@std@@V?$allocator@D@2@@std@@H@std@@PEAX@std@@@1@PEAU?$_Tree_node@U?$pair@$$CBV?$basic_string@DU?$char_traits@D@std@@V?$allocator@D@2@@std@@H@std@@PEAX@1@@Z 00000001800462bc     keyboard.obj
 0004:000022c8       $pdata$??$insert@U?$pair@V?$basic_string@DU?$char_traits@D@std@@V?$allocator@D@2@@std@@H@std@@X@?$map@V?$basic_string@DU?$char_traits@D@std@@V?$allocator@D@2@@std@@HU?$less@V?$basic_string@DU?$char_traits@D@std@@V?$allocator@D@2@@std@@@2@V?$allocator@U?$pair@$$CBV?$basic_string@DU?$char_traits@D@std@@V?$allocator@D@2@@std@@H@std@@@2@@std@@QEAA?AU?$pair@V?$_Tree_iterator@V?$_Tree_val@U?$_Tree_simple_types@U?$pair@$$CBV?$basic_string@DU?$char_traits@D@std@@V?$allocator@D@2@@std@@H@std@@@std@@@std@@@std@@_N@1@$$QEAU?$pair@V?$basic_string@DU?$char_traits@D@std@@V?$allocator@D@2@@std@@H@1@@Z 00000001800462c8     keyboard.obj
 0004:000022d4       $pdata$??$?0AEAV?$basic_string@DU?$char_traits@D@std@@V?$allocator@D@2@@std@@AEAH$0A@@?$pair@V?$basic_string@DU?$char_traits@D@std@@V?$allocator@D@2@@std@@H@std@@QEAA@AEAV?$basic_string@DU?$char_traits@D@std@@V?$allocator@D@2@@1@AEAH@Z 00000001800462d4     keyboard.obj
 0004:000022e0       $pdata$??6?$basic_ostream@DU?$char_traits@D@std@@@std@@QEAAAEAV01@_N@Z 00000001800462e0     keyboard.obj
 0004:000022ec       $pdata$1$??6?$basic_ostream@DU?$char_traits@D@std@@@std@@QEAAAEAV01@_N@Z 00000001800462ec     keyboard.obj
 0004:000022f8       $pdata$3$??6?$basic_ostream@DU?$char_traits@D@std@@@std@@QEAAAEAV01@_N@Z 00000001800462f8     keyboard.obj
 0004:00002304       $pdata$4$??6?$basic_ostream@DU?$char_traits@D@std@@@std@@QEAAAEAV01@_N@Z 0000000180046304     keyboard.obj
 0004:00002310       $pdata$5$??6?$basic_ostream@DU?$char_traits@D@std@@@std@@QEAAAEAV01@_N@Z 0000000180046310     keyboard.obj
 0004:0000231c       $pdata$??6?$basic_ostream@DU?$char_traits@D@std@@@std@@QEAAAEAV01@H@Z 000000018004631c     keyboard.obj
 0004:00002328       $pdata$1$??6?$basic_ostream@DU?$char_traits@D@std@@@std@@QEAAAEAV01@H@Z 0000000180046328     keyboard.obj
 0004:00002334       $pdata$3$??6?$basic_ostream@DU?$char_traits@D@std@@@std@@QEAAAEAV01@H@Z 0000000180046334     keyboard.obj
 0004:00002340       $pdata$4$??6?$basic_ostream@DU?$char_traits@D@std@@@std@@QEAAAEAV01@H@Z 0000000180046340     keyboard.obj
 0004:0000234c       $pdata$5$??6?$basic_ostream@DU?$char_traits@D@std@@@std@@QEAAAEAV01@H@Z 000000018004634c     keyboard.obj
 0004:00002358       $pdata$??A?$map@V?$basic_string@DU?$char_traits@D@std@@V?$allocator@D@2@@std@@HU?$less@V?$basic_string@DU?$char_traits@D@std@@V?$allocator@D@2@@std@@@2@V?$allocator@U?$pair@$$CBV?$basic_string@DU?$char_traits@D@std@@V?$allocator@D@2@@std@@H@std@@@2@@std@@QEAAAEAHAEBV?$basic_string@DU?$char_traits@D@std@@V?$allocator@D@2@@1@@Z 0000000180046358     keyboard.obj
 0004:00002364       $pdata$1$??A?$map@V?$basic_string@DU?$char_traits@D@std@@V?$allocator@D@2@@std@@HU?$less@V?$basic_string@DU?$char_traits@D@std@@V?$allocator@D@2@@std@@@2@V?$allocator@U?$pair@$$CBV?$basic_string@DU?$char_traits@D@std@@V?$allocator@D@2@@std@@H@std@@@2@@std@@QEAAAEAHAEBV?$basic_string@DU?$char_traits@D@std@@V?$allocator@D@2@@1@@Z 0000000180046364     keyboard.obj
 0004:00002370       $pdata$2$??A?$map@V?$basic_string@DU?$char_traits@D@std@@V?$allocator@D@2@@std@@HU?$less@V?$basic_string@DU?$char_traits@D@std@@V?$allocator@D@2@@std@@@2@V?$allocator@U?$pair@$$CBV?$basic_string@DU?$char_traits@D@std@@V?$allocator@D@2@@std@@H@std@@@2@@std@@QEAAAEAHAEBV?$basic_string@DU?$char_traits@D@std@@V?$allocator@D@2@@1@@Z 0000000180046370     keyboard.obj
 0004:0000237c       $pdata$3$??A?$map@V?$basic_string@DU?$char_traits@D@std@@V?$allocator@D@2@@std@@HU?$less@V?$basic_string@DU?$char_traits@D@std@@V?$allocator@D@2@@std@@@2@V?$allocator@U?$pair@$$CBV?$basic_string@DU?$char_traits@D@std@@V?$allocator@D@2@@std@@H@std@@@2@@std@@QEAAAEAHAEBV?$basic_string@DU?$char_traits@D@std@@V?$allocator@D@2@@1@@Z 000000018004637c     keyboard.obj
 0004:00002388       $pdata$4$??A?$map@V?$basic_string@DU?$char_traits@D@std@@V?$allocator@D@2@@std@@HU?$less@V?$basic_string@DU?$char_traits@D@std@@V?$allocator@D@2@@std@@@2@V?$allocator@U?$pair@$$CBV?$basic_string@DU?$char_traits@D@std@@V?$allocator@D@2@@std@@H@std@@@2@@std@@QEAAAEAHAEBV?$basic_string@DU?$char_traits@D@std@@V?$allocator@D@2@@1@@Z 0000000180046388     keyboard.obj
 0004:00002394       $pdata$?keyUp@Keyboard@@AEAAXPEAD@Z 0000000180046394     keyboard.obj
 0004:000023a0       $pdata$2$?keyUp@Keyboard@@AEAAXPEAD@Z 00000001800463a0     keyboard.obj
 0004:000023ac       $pdata$3$?keyUp@Keyboard@@AEAAXPEAD@Z 00000001800463ac     keyboard.obj
 0004:000023b8       $pdata$?keyDown@Keyboard@@AEAAXPEAD@Z 00000001800463b8     keyboard.obj
 0004:000023c4       $pdata$1$?keyDown@Keyboard@@AEAAXPEAD@Z 00000001800463c4     keyboard.obj
 0004:000023d0       $pdata$2$?keyDown@Keyboard@@AEAAXPEAD@Z 00000001800463d0     keyboard.obj
 0004:000023dc       $pdata$?getCodeByKeyChar@Keyboard@@AEAAHV?$basic_string@DU?$char_traits@D@std@@V?$allocator@D@2@@std@@@Z 00000001800463dc     keyboard.obj
 0004:000023e8       $pdata$0$?getCodeByKeyChar@Keyboard@@AEAAHV?$basic_string@DU?$char_traits@D@std@@V?$allocator@D@2@@std@@@Z 00000001800463e8     keyboard.obj
 0004:000023f4       $pdata$1$?getCodeByKeyChar@Keyboard@@AEAAHV?$basic_string@DU?$char_traits@D@std@@V?$allocator@D@2@@std@@@Z 00000001800463f4     keyboard.obj
 0004:00002400       $pdata$2$?getCodeByKeyChar@Keyboard@@AEAAHV?$basic_string@DU?$char_traits@D@std@@V?$allocator@D@2@@std@@@Z 0000000180046400     keyboard.obj
 0004:0000240c       $pdata$3$?getCodeByKeyChar@Keyboard@@AEAAHV?$basic_string@DU?$char_traits@D@std@@V?$allocator@D@2@@std@@@Z 000000018004640c     keyboard.obj
 0004:00002418       $pdata$4$?getCodeByKeyChar@Keyboard@@AEAAHV?$basic_string@DU?$char_traits@D@std@@V?$allocator@D@2@@std@@@Z 0000000180046418     keyboard.obj
 0004:00002424       $pdata$5$?getCodeByKeyChar@Keyboard@@AEAAHV?$basic_string@DU?$char_traits@D@std@@V?$allocator@D@2@@std@@@Z 0000000180046424     keyboard.obj
 0004:00002430       $pdata$?KBCWait4IBE@Keyboard@@AEAAXXZ 0000000180046430     keyboard.obj
 0004:0000243c       $pdata$??_I@YAXPEAX_K1P6AX0@Z@Z 000000018004643c     keyboard.obj
 0004:00002448       $pdata$??_GKeyboard@@UEAAPEAXI@Z 0000000180046448     keyboard.obj
 0004:00002454       $pdata$??0Keyboard@@QEAA@XZ 0000000180046454     keyboard.obj
 0004:00002460       $pdata$printf              0000000180046460     keyboard.obj
 0004:0000246c       $pdata$?init@main@@YAXV?$Local@VObject@v8@@@v8@@@Z 000000018004646c     main.obj
 0004:00002478       $pdata$?KeyPressWithShift@main@@YAXAEBV?$FunctionCallbackInfo@VValue@v8@@@v8@@@Z 0000000180046478     main.obj
 0004:00002484       $pdata$1$?KeyPressWithShift@main@@YAXAEBV?$FunctionCallbackInfo@VValue@v8@@@v8@@@Z 0000000180046484     main.obj
 0004:00002490       $pdata$2$?KeyPressWithShift@main@@YAXAEBV?$FunctionCallbackInfo@VValue@v8@@@v8@@@Z 0000000180046490     main.obj
 0004:0000249c       $pdata$?KeyPress@main@@YAXAEBV?$FunctionCallbackInfo@VValue@v8@@@v8@@@Z 000000018004649c     main.obj
 0004:000024a8       $pdata$1$?KeyPress@main@@YAXAEBV?$FunctionCallbackInfo@VValue@v8@@@v8@@@Z 00000001800464a8     main.obj
 0004:000024b4       $pdata$2$?KeyPress@main@@YAXAEBV?$FunctionCallbackInfo@VValue@v8@@@v8@@@Z 00000001800464b4     main.obj
 0004:000024c0       $pdata$?DestroyKeyboard@main@@YAXAEBV?$FunctionCallbackInfo@VValue@v8@@@v8@@@Z 00000001800464c0     main.obj
 0004:000024cc       $pdata$?InitKeyboard@main@@YAXAEBV?$FunctionCallbackInfo@VValue@v8@@@v8@@@Z 00000001800464cc     main.obj
 0004:000024d8       $pdata$0$?InitKeyboard@main@@YAXAEBV?$FunctionCallbackInfo@VValue@v8@@@v8@@@Z 00000001800464d8     main.obj
 0004:000024e4       $pdata$1$?InitKeyboard@main@@YAXAEBV?$FunctionCallbackInfo@VValue@v8@@@v8@@@Z 00000001800464e4     main.obj
 0004:000024f0       $pdata$?NODE_SET_METHOD@node@@YAXV?$Local@VObject@v8@@@v8@@PEBDP6AXAEBV?$FunctionCallbackInfo@VValue@v8@@@3@@Z@Z 00000001800464f0     main.obj
 0004:000024fc       $pdata$?load_exe_hook@@YAP6A_JXZIPEAUDelayLoadInfo@@@Z 00000001800464fc     win_delay_load_hook.obj
 0005:00000000       MoveSmall                  0000000180047000     libvcruntime:memcpy.obj
 0005:00000050       MsetTab                    0000000180047050     libvcruntime:memset.obj
 0006:00000060       $R000000                   0000000180048060     * linker generated manifest res *

 Exports

  ordinal    name

        1    _register_ring0_
